<html>
<body>
<pre>
<h1>µVision Build Log</h1>
<h2>Tool Versions:</h2>
IDE-Version: µVision V5.22.0.0
Copyright (C) 2016 ARM Ltd and ARM Germany GmbH. All rights reserved.
License Information: Colton Parks, NDSU, LIC=----
 
Tool Versions:
Toolchain:       MDK-Lite  Version: 5.22
Toolchain Path:  T:\Keil_v5\ARM\ARMCC\Bin
C Compiler:      Armcc.exe V5.06 update 4 (build 422)
Assembler:       Armasm.exe V5.06 update 4 (build 422)
Linker/Locator:  ArmLink.exe V5.06 update 4 (build 422)
Library Manager: ArmAr.exe V5.06 update 4 (build 422)
Hex Converter:   FromElf.exe V5.06 update 4 (build 422)
CPU DLL:         SARMCM3.DLL V5.22
Dialog DLL:      DARMP1.DLL V1.27.0.0
Target DLL:      Segger\JL2CM3.dll V2.99.23.0
Dialog DLL:      TARMP1.DLL V1.26.0.0
 
<h2>Project:</h2>
T:\Keil_v5\work_s2017\Project\ECE476Project.uvprojx
Project File Date:  03/07/2017

<h2>Output:</h2>
*** Using Compiler 'V5.06 update 4 (build 422)', folder: 'T:\Keil_v5\ARM\ARMCC\Bin'
Rebuild target 'Target 1'
compiling AsciiLib.c...
compiling ADC.c...
compiling IRQ.c...
compiling Retarget.c...
compiling LED.c...
compiling Serial.c...
compiling ctp.c...
ctp.c(28): warning:  #177-D: variable "light_pin_map"  was declared but never referenced
  static const uint8_t light_pin_map[4] = {21, 23, 20, 24};
ctp.c: 1 warning, 0 errors
compiling blinky1.c...
blinky1.c(35): warning:  #177-D: variable "data"  was declared but never referenced
  	int data[5];
blinky1.c: 1 warning, 0 errors
compiling JOYSTICK.c...
compiling Menu_Screens.c...
assembling startup_LPC17xx.s...
compiling MENU.c...
MENU.c(37): warning:  #167-D: argument of type "char *" is incompatible with parameter of type "uint8_t *"
  	LCD_PutText(menu_x_pos_data, menu_y_pos+menu_line_spacing*menu_line, data, 
hite ,
lack);
MENU.c(62): warning:  #167-D: argument of type "char *" is incompatible with parameter of type "uint8_t *"
  	LCD_PutText(menu_x_pos_data, menu_y_pos+menu_line_spacing*menu_line, data, 
hite ,
lack);
MENU.c: 2 warnings, 0 errors
compiling GLCD.c...
compiling system_LPC17xx.c...
linking...
Program Size: Code=18280 RO-data=1824 RW-data=96 ZI-data=648  
".\Objects\ECE476Project.axf" - 0 Error(s), 4 Warning(s).

<h2>Software Packages used:</h2>

Package Vendor: ARM
                http://www.keil.com/pack/ARM.CMSIS.5.0.0.pack
                ARM::CMSIS:CORE:5.0.0
                CMSIS (Cortex Microcontroller Software Interface Standard)
   * Component: CORE Version: 5.0.0

Package Vendor: Keil
                http://www.keil.com/pack/Keil.LPC1700_DFP.2.3.0.pack
                Keil::Device:Startup:1.0.0
                NXP LPC1700 Series Device Support, Drivers and Examples for MCB1700 and LPC1788-32
   * Component: Startup Version: 1.0.0

<h2>Collection of Component include folders:</h2>
  T:\Keil_v5\work_s2017\Project\RTE\Device\LPC1768
  T:\Keil_v5\work_s2017\Project\RTE\_Target_1
  T:\Keil_v5\ARM\PACK\ARM\CMSIS\5.0.0\CMSIS\Include
  T:\Keil_v5\ARM\PACK\Keil\LPC1700_DFP\2.3.0\Device\Include

<h2>Collection of Component Files used:</h2>

   * Component: ARM::CMSIS:CORE:5.0.0

   * Component: Keil::Device:Startup:1.0.0
      Source file:   Device\Source\system_LPC17xx.c
      Include file:  Device\Include\LPC17xx.h
      Source file:   Device\Source\ARM\startup_LPC17xx.s
      Include file:  RTE_Driver\Config\RTE_Device.h
Build Time Elapsed:  00:00:01
</pre>
</body>
</html>
