Component: ARM Compiler 5.06 update 4 (build 422) Tool: armlink [4d35d2]

==============================================================================

Section Cross References

    asciilib.o(i.GetASCIICode) refers to rt_memcpy_v6.o(.text) for __aeabi_memcpy
    asciilib.o(i.GetASCIICode) refers to asciilib.o(.constdata) for AsciiLib
    glcd.o(i.LCD_Clear) refers to glcd.o(i.wait_delay) for wait_delay
    glcd.o(i.LCD_Clear) refers to glcd.o(.data) for LCD_Code
    glcd.o(i.LCD_Clear) refers to glcd.o(i.LCD_SetCursor) for LCD_SetCursor
    glcd.o(i.LCD_DrawBargraph) refers to glcd.o(i.LCD_SetPoint) for LCD_SetPoint
    glcd.o(i.LCD_DrawLine) refers to glcd.o(i.LCD_SetPoint) for LCD_SetPoint
    glcd.o(i.LCD_GetPoint) refers to glcd.o(i.LCD_SetCursor) for LCD_SetCursor
    glcd.o(i.LCD_GetPoint) refers to glcd.o(i.wait_delay) for wait_delay
    glcd.o(i.LCD_GetPoint) refers to glcd.o(i.LCD_BGR2RGB) for LCD_BGR2RGB
    glcd.o(i.LCD_GetPoint) refers to glcd.o(.data) for LCD_Code
    glcd.o(i.LCD_Initialization) refers to glcd.o(i.LCD_Configuration) for LCD_Configuration
    glcd.o(i.LCD_Initialization) refers to glcd.o(i.delay_ms) for delay_ms
    glcd.o(i.LCD_Initialization) refers to glcd.o(i.wait_delay) for wait_delay
    glcd.o(i.LCD_Initialization) refers to glcd.o(.data) for LCD_Code
    glcd.o(i.LCD_PutChar) refers to asciilib.o(i.GetASCIICode) for GetASCIICode
    glcd.o(i.LCD_PutChar) refers to glcd.o(i.LCD_SetPoint) for LCD_SetPoint
    glcd.o(i.LCD_PutText) refers to glcd.o(i.LCD_PutChar) for LCD_PutChar
    glcd.o(i.LCD_SetCursor) refers to glcd.o(i.wait_delay) for wait_delay
    glcd.o(i.LCD_SetCursor) refers to glcd.o(.data) for LCD_Code
    glcd.o(i.LCD_SetPoint) refers to glcd.o(i.LCD_SetCursor) for LCD_SetCursor
    glcd.o(i.LCD_SetPoint) refers to glcd.o(i.wait_delay) for wait_delay
    irq.o(i.ADC_IRQHandler) refers to adc.o(i.ADC_StopCnv) for ADC_StopCnv
    irq.o(i.ADC_IRQHandler) refers to ctp.o(i.adc_calculate_temp) for adc_calculate_temp
    irq.o(i.ADC_IRQHandler) refers to ctp.o(i.check_climate_control) for check_climate_control
    irq.o(i.ADC_IRQHandler) refers to adc.o(.data) for AD_last
    irq.o(i.EINT0_IRQHandler) refers to irq.o(i.NVIC_ClearPendingIRQ) for NVIC_ClearPendingIRQ
    irq.o(i.EINT1_IRQHandler) refers to irq.o(i.NVIC_ClearPendingIRQ) for NVIC_ClearPendingIRQ
    irq.o(i.EINT2_IRQHandler) refers to irq.o(i.NVIC_ClearPendingIRQ) for NVIC_ClearPendingIRQ
    irq.o(i.SysTick_Handler) refers to adc.o(i.ADC_StartCnv) for ADC_StartCnv
    irq.o(i.SysTick_Handler) refers to irq.o(.data) for ticks
    irq.o(i.UART2_IRQHandler) refers to ctp.o(i.uart_process_command) for uart_process_command
    irq.o(i.UART2_IRQHandler) refers to irq.o(.bss) for command
    irq.o(i.UART2_IRQHandler) refers to irq.o(.data) for commandIndex
    led.o(i.LED_Off) refers to led.o(.constdata) for led_mask
    led.o(i.LED_On) refers to led.o(.constdata) for led_mask
    led.o(i.LED_Out) refers to led.o(i.LED_On) for LED_On
    led.o(i.LED_Out) refers to led.o(i.LED_Off) for LED_Off
    retarget.o(i._sys_exit) refers (Special) to use_no_semi.o(.text) for __use_no_semihosting_swi
    retarget.o(i._ttywrch) refers (Special) to use_no_semi.o(.text) for __use_no_semihosting_swi
    retarget.o(i._ttywrch) refers to retarget.o(i.sendchar) for sendchar
    retarget.o(i.ferror) refers (Special) to use_no_semi.o(.text) for __use_no_semihosting_swi
    retarget.o(i.fgetc) refers (Special) to use_no_semi.o(.text) for __use_no_semihosting_swi
    retarget.o(i.fgetc) refers to retarget.o(i.getkey) for getkey
    retarget.o(i.fputc) refers (Special) to use_no_semi.o(.text) for __use_no_semihosting_swi
    retarget.o(i.fputc) refers to retarget.o(i.sendchar) for sendchar
    retarget.o(i.getkey) refers (Special) to use_no_semi.o(.text) for __use_no_semihosting_swi
    retarget.o(i.getkey) refers to serial.o(i.SER_getChar) for SER_getChar
    retarget.o(i.sendchar) refers (Special) to use_no_semi.o(.text) for __use_no_semihosting_swi
    retarget.o(i.sendchar) refers to serial.o(i.SER_putChar) for SER_putChar
    retarget.o(.data) refers (Special) to use_no_semi.o(.text) for __use_no_semihosting_swi
    serial.o(i.SER_init) refers to serial.o(i.NVIC_ClearPendingIRQ) for NVIC_ClearPendingIRQ
    serial.o(i.SER_init) refers to serial.o(i.NVIC_EnableIRQ) for NVIC_EnableIRQ
    serial.o(i.SER_init) refers to system_lpc17xx.o(.data) for SystemCoreClock
    serial.o(i.SER_putString) refers to serial.o(i.SER_putChar) for SER_putChar
    ctp.o(i.AC_switch) refers to ctp.o(i.update_app) for update_app
    ctp.o(i.AC_switch) refers to ctp.o(.bss) for chip
    ctp.o(i.adc_calculate_temp) refers to ctp.o(i.update_app) for update_app
    ctp.o(i.adc_calculate_temp) refers to ctp.o(.constdata) for q15_temp_coefs
    ctp.o(i.adc_calculate_temp) refers to adc.o(.data) for AD_last
    ctp.o(i.adc_calculate_temp) refers to ctp.o(.bss) for chip
[...]
    menu.o(i.Menu_Change_Data) refers to _printf_percent.o(.ARM.Collect$$_printf_percent$$00000000) for _printf_percent
    menu.o(i.Menu_Change_Data) refers to _printf_d.o(.ARM.Collect$$_printf_percent$$00000009) for _printf_d
    menu.o(i.Menu_Change_Data) refers to _printf_dec.o(.text) for _printf_int_dec
    menu.o(i.Menu_Change_Data) refers to noretval__2sprintf.o(.text) for __2sprintf
    menu.o(i.Menu_Change_Data) refers to glcd.o(i.LCD_PutText) for LCD_PutText
    menu.o(i.Menu_Change_Data) refers to menu.o(.data) for menu_line_spacing
    menu.o(i.Menu_Clear) refers to glcd.o(i.LCD_Clear) for LCD_Clear
    menu.o(i.Menu_Init) refers to glcd.o(i.LCD_Initialization) for LCD_Initialization
    menu.o(i.Menu_Init) refers to glcd.o(i.LCD_Clear) for LCD_Clear
    menu.o(i.Menu_Set_Cursor) refers to glcd.o(i.LCD_PutChar) for LCD_PutChar
    menu.o(i.Menu_Set_Cursor) refers to menu.o(.data) for menu_line_spacing
    menu.o(i.Menu_Set_Data) refers to _printf_percent.o(.ARM.Collect$$_printf_percent$$00000000) for _printf_percent
    menu.o(i.Menu_Set_Data) refers to _printf_i.o(.ARM.Collect$$_printf_percent$$00000008) for _printf_i
    menu.o(i.Menu_Set_Data) refers to _printf_dec.o(.text) for _printf_int_dec
    menu.o(i.Menu_Set_Data) refers to glcd.o(i.LCD_PutText) for LCD_PutText
    menu.o(i.Menu_Set_Data) refers to noretval__2sprintf.o(.text) for __2sprintf
    menu.o(i.Menu_Set_Data) refers to menu.o(.data) for menu_line_spacing
    menu.o(i.Menu_Set_Line) refers to glcd.o(i.LCD_PutText) for LCD_PutText
    menu.o(i.Menu_Set_Line) refers to menu.o(.data) for menu_line_spacing
    menu.o(i.Menu_Set_OnOffData) refers to menu.o(i.Menu_Set_TextData) for Menu_Set_TextData
    menu.o(i.Menu_Set_OnOffData) refers to menu.o(.data) for on_off
    menu.o(i.Menu_Set_TextData) refers to glcd.o(i.LCD_PutText) for LCD_PutText
    menu.o(i.Menu_Set_TextData) refers to menu.o(.data) for menu_line_spacing
    menu_screens.o(i.Menu_Change_Screen) refers to menu.o(i.Menu_Clear) for Menu_Clear
    menu_screens.o(i.Menu_Change_Screen) refers to menu_screens.o(i.Menu_Set_Current_Screen) for Menu_Set_Current_Screen
    menu_screens.o(i.Menu_Change_Screen) refers to menu_screens.o(i.Menu_Screen_Set_Cursor_Line) for Menu_Screen_Set_Cursor_Line
    menu_screens.o(i.Menu_Get_Current_Screen) refers to menu_screens.o(.data) for menu_current_screen
    menu_screens.o(i.Menu_Screen) refers to menu.o(i.Menu_Set_Line) for Menu_Set_Line
    menu_screens.o(i.Menu_Screen) refers to menu_screens.o(.data) for menu_current_screen
    menu_screens.o(i.Menu_Screen_Get_Cursor_Line) refers to menu_screens.o(.data) for menu_screen_cursor_line
    menu_screens.o(i.Menu_Screen_Set_Cursor_Line) refers to menu_screens.o(.data) for menu_screen_cursor_line
    menu_screens.o(i.Menu_Screen_Update_Data) refers to menu.o(i.Menu_Change_Data) for Menu_Change_Data
    menu_screens.o(i.Menu_Screen_Update_Data) refers to menu.o(i.Menu_Set_Data) for Menu_Set_Data
    menu_screens.o(i.Menu_Screen_Update_Data) refers to menu.o(i.Menu_Set_OnOffData) for Menu_Set_OnOffData
    menu_screens.o(i.Menu_Screen_Update_Data) refers to menu_screens.o(.data) for menu_current_screen
    menu_screens.o(i.Menu_Set_Current_Screen) refers to menu_screens.o(.data) for menu_current_screen
    startup_lpc17xx.o(STACK) refers (Special) to heapauxi.o(.text) for __use_two_region_memory
    startup_lpc17xx.o(HEAP) refers (Special) to heapauxi.o(.text) for __use_two_region_memory
    startup_lpc17xx.o(RESET) refers (Special) to heapauxi.o(.text) for __use_two_region_memory
    startup_lpc17xx.o(RESET) refers to startup_lpc17xx.o(STACK) for __initial_sp
    startup_lpc17xx.o(RESET) refers to startup_lpc17xx.o(.text) for Reset_Handler
    startup_lpc17xx.o(RESET) refers to irq.o(i.SysTick_Handler) for SysTick_Handler
    startup_lpc17xx.o(RESET) refers to irq.o(i.UART2_IRQHandler) for UART2_IRQHandler
    startup_lpc17xx.o(RESET) refers to irq.o(i.EINT0_IRQHandler) for EINT0_IRQHandler
    startup_lpc17xx.o(RESET) refers to irq.o(i.EINT1_IRQHandler) for EINT1_IRQHandler
    startup_lpc17xx.o(RESET) refers to irq.o(i.EINT2_IRQHandler) for EINT2_IRQHandler
    startup_lpc17xx.o(RESET) refers to irq.o(i.ADC_IRQHandler) for ADC_IRQHandler
    startup_lpc17xx.o(.ARM.__at_0x02FC) refers (Special) to heapauxi.o(.text) for __use_two_region_memory
    startup_lpc17xx.o(.text) refers (Special) to heapauxi.o(.text) for __use_two_region_memory
    startup_lpc17xx.o(.text) refers to system_lpc17xx.o(i.SystemInit) for SystemInit
    startup_lpc17xx.o(.text) refers to __main.o(!!!main) for __main
    startup_lpc17xx.o(.text) refers to startup_lpc17xx.o(HEAP) for Heap_Mem
    startup_lpc17xx.o(.text) refers to startup_lpc17xx.o(STACK) for Stack_Mem
    system_lpc17xx.o(i.SystemCoreClockUpdate) refers to lludivv7m.o(.text) for __aeabi_uldivmod
    system_lpc17xx.o(i.SystemCoreClockUpdate) refers to system_lpc17xx.o(.data) for SystemCoreClock
    __2sprintf.o(.text) refers to _printf_char_common.o(.text) for _printf_char_common
    __2sprintf.o(.text) refers to _sputc.o(.text) for _sputc
    noretval__2sprintf.o(.text) refers to _printf_char_common.o(.text) for _printf_char_common
    noretval__2sprintf.o(.text) refers to _sputc.o(.text) for _sputc
    __printf.o(.text) refers to _printf_percent.o(.ARM.Collect$$_printf_percent$$00000000) for _printf_percent
    _printf_dec.o(.text) refers to _printf_intcommon.o(.text) for _printf_int_common
    __printf_flags.o(.text) refers to _printf_percent.o(.ARM.Collect$$_printf_percent$$00000000) for _printf_percent
    __printf_flags.o(.text) refers to __printf_flags.o(.constdata) for .constdata
    __printf_ss.o(.text) refers to _printf_percent.o(.ARM.Collect$$_printf_percent$$00000000) for _printf_percent
    __printf_flags_ss.o(.text) refers to _printf_percent.o(.ARM.Collect$$_printf_percent$$00000000) for _printf_percent
    __printf_flags_ss.o(.text) refers to __printf_flags_ss.o(.constdata) for .constdata
    __printf_wp.o(.text) refers to __printf_wp.o(i._is_digit) for _is_digit
    __printf_wp.o(.text) refers to _printf_percent.o(.ARM.Collect$$_printf_percent$$00000000) for _printf_percent
    __printf_flags_wp.o(.text) refers to __printf_wp.o(i._is_digit) for _is_digit
    __printf_flags_wp.o(.text) refers to _printf_percent.o(.ARM.Collect$$_printf_percent$$00000000) for _printf_percent
    __printf_flags_wp.o(.text) refers to __printf_flags_wp.o(.constdata) for .constdata
    __printf_ss_wp.o(.text) refers to __printf_wp.o(i._is_digit) for _is_digit
    __printf_ss_wp.o(.text) refers to _printf_percent.o(.ARM.Collect$$_printf_percent$$00000000) for _printf_percent
    __printf_flags_ss_wp.o(.text) refers to __printf_wp.o(i._is_digit) for _is_digit
    __printf_flags_ss_wp.o(.text) refers to _printf_percent.o(.ARM.Collect$$_printf_percent$$00000000) for _printf_percent
    __printf_flags_ss_wp.o(.text) refers to __printf_flags_ss_wp.o(.constdata) for .constdata
    _printf_i.o(.ARM.Collect$$_printf_percent$$00000008) refers (Weak) to _printf_dec.o(.text) for _printf_int_dec
    _printf_d.o(.ARM.Collect$$_printf_percent$$00000009) refers (Weak) to _printf_dec.o(.text) for _printf_int_dec
    _printf_percent.o(.ARM.Collect$$_printf_percent$$00000000) refers (Special) to _printf_percent_end.o(.ARM.Collect$$_printf_percent$$00000017) for _printf_percent_end
    rt_memcpy_v6.o(.text) refers to rt_memcpy_w.o(.text) for __aeabi_memcpy4
    __main.o(!!!main) refers to __rtentry.o(.ARM.Collect$$rtentry$$00000000) for __rt_entry
    __rtentry.o(.ARM.Collect$$rtentry$$00000000) refers (Special) to __rtentry2.o(.ARM.Collect$$rtentry$$0000000A) for __rt_entry_li
    __rtentry.o(.ARM.Collect$$rtentry$$00000000) refers (Special) to __rtentry2.o(.ARM.Collect$$rtentry$$0000000D) for __rt_entry_main
    __rtentry.o(.ARM.Collect$$rtentry$$00000000) refers (Special) to __rtentry2.o(.ARM.Collect$$rtentry$$0000000C) for __rt_entry_postli_1
    __rtentry.o(.ARM.Collect$$rtentry$$00000000) refers (Special) to __rtentry2.o(.ARM.Collect$$rtentry$$00000009) for __rt_entry_postsh_1
    __rtentry.o(.ARM.Collect$$rtentry$$00000000) refers (Special) to __rtentry2.o(.ARM.Collect$$rtentry$$00000002) for __rt_entry_presh_1
    __rtentry.o(.ARM.Collect$$rtentry$$00000000) refers (Special) to __rtentry4.o(.ARM.Collect$$rtentry$$00000004) for __rt_entry_sh
    aeabi_ldiv0_sigfpe.o(.text) refers to rt_div0.o(.text) for __rt_div0
    _printf_char_common.o(.text) refers to __printf.o(.text) for __printf
    __rtentry2.o(.ARM.Collect$$rtentry$$00000008) refers to boardinit2.o(.text) for _platform_post_stackheap_init
    __rtentry2.o(.ARM.Collect$$rtentry$$0000000A) refers to libinit.o(.ARM.Collect$$libinit$$00000000) for __rt_lib_init
    __rtentry2.o(.ARM.Collect$$rtentry$$0000000B) refers to boardinit3.o(.text) for _platform_post_lib_init
    __rtentry2.o(.ARM.Collect$$rtentry$$0000000D) refers to blinky1.o(i.main) for main
    __rtentry2.o(.ARM.Collect$$rtentry$$0000000D) refers to exit.o(.text) for exit
    __rtentry2.o(.ARM.exidx) refers to __rtentry2.o(.ARM.Collect$$rtentry$$00000001) for .ARM.Collect$$rtentry$$00000001
    __rtentry2.o(.ARM.exidx) refers to __rtentry2.o(.ARM.Collect$$rtentry$$00000008) for .ARM.Collect$$rtentry$$00000008
    __rtentry2.o(.ARM.exidx) refers to __rtentry2.o(.ARM.Collect$$rtentry$$0000000A) for .ARM.Collect$$rtentry$$0000000A
    __rtentry2.o(.ARM.exidx) refers to __rtentry2.o(.ARM.Collect$$rtentry$$0000000B) for .ARM.Collect$$rtentry$$0000000B
    __rtentry2.o(.ARM.exidx) refers to __rtentry2.o(.ARM.Collect$$rtentry$$0000000D) for .ARM.Collect$$rtentry$$0000000D
    __rtentry4.o(.ARM.Collect$$rtentry$$00000004) refers to sys_stackheap_outer.o(.text) for __user_setup_stackheap
    __rtentry4.o(.ARM.exidx) refers to __rtentry4.o(.ARM.Collect$$rtentry$$00000004) for .ARM.Collect$$rtentry$$00000004
    rt_div0.o(.text) refers to defsig_fpe_outer.o(.text) for __rt_SIGFPE
    sys_stackheap_outer.o(.text) refers to libspace.o(.text) for __user_perproc_libspace
    sys_stackheap_outer.o(.text) refers to startup_lpc17xx.o(.text) for __user_initial_stackheap
    exit.o(.text) refers to rtexit.o(.ARM.Collect$$rtexit$$00000000) for __rt_exit
    defsig_fpe_outer.o(.text) refers to defsig_fpe_inner.o(.text) for __rt_SIGFPE_inner
    defsig_fpe_outer.o(.text) refers to defsig_exit.o(.text) for __sig_exit
    defsig_fpe_formal.o(.text) refers to rt_raise.o(.text) for __rt_raise
    libinit.o(.ARM.Collect$$libinit$$00000000) refers (Special) to libinit2.o(.ARM.Collect$$libinit$$0000002E) for __rt_lib_init_alloca_1
    libinit.o(.ARM.Collect$$libinit$$00000000) refers (Special) to libinit2.o(.ARM.Collect$$libinit$$0000002C) for __rt_lib_init_argv_1
    libinit.o(.ARM.Collect$$libinit$$00000000) refers (Special) to libinit2.o(.ARM.Collect$$libinit$$0000001B) for __rt_lib_init_atexit_1
    libinit.o(.ARM.Collect$$libinit$$00000000) refers (Special) to libinit2.o(.ARM.Collect$$libinit$$00000021) for __rt_lib_init_clock_1
    libinit.o(.ARM.Collect$$libinit$$00000000) refers (Special) to libinit2.o(.ARM.Collect$$libinit$$00000032) for __rt_lib_init_cpp_1
    libinit.o(.ARM.Collect$$libinit$$00000000) refers (Special) to libinit2.o(.ARM.Collect$$libinit$$00000030) for __rt_lib_init_exceptions_1
    libinit.o(.ARM.Collect$$libinit$$00000000) refers (Special) to libinit2.o(.ARM.Collect$$libinit$$00000002) for __rt_lib_init_fp_1
    libinit.o(.ARM.Collect$$libinit$$00000000) refers (Special) to libinit2.o(.ARM.Collect$$libinit$$0000001F) for __rt_lib_init_fp_trap_1
    libinit.o(.ARM.Collect$$libinit$$00000000) refers (Special) to libinit2.o(.ARM.Collect$$libinit$$00000023) for __rt_lib_init_getenv_1
    libinit.o(.ARM.Collect$$libinit$$00000000) refers (Special) to libinit2.o(.ARM.Collect$$libinit$$0000000A) for __rt_lib_init_heap_1
    libinit.o(.ARM.Collect$$libinit$$00000000) refers (Special) to libinit2.o(.ARM.Collect$$libinit$$00000011) for __rt_lib_init_lc_collate_1
    libinit.o(.ARM.Collect$$libinit$$00000000) refers (Special) to libinit2.o(.ARM.Collect$$libinit$$00000013) for __rt_lib_init_lc_ctype_1
    libinit.o(.ARM.Collect$$libinit$$00000000) refers (Special) to libinit2.o(.ARM.Collect$$libinit$$00000015) for __rt_lib_init_lc_monetary_1
    libinit.o(.ARM.Collect$$libinit$$00000000) refers (Special) to libinit2.o(.ARM.Collect$$libinit$$00000017) for __rt_lib_init_lc_numeric_1
    libinit.o(.ARM.Collect$$libinit$$00000000) refers (Special) to libinit2.o(.ARM.Collect$$libinit$$00000019) for __rt_lib_init_lc_time_1
    libinit.o(.ARM.Collect$$libinit$$00000000) refers (Special) to libinit2.o(.ARM.Collect$$libinit$$00000004) for __rt_lib_init_preinit_1
    libinit.o(.ARM.Collect$$libinit$$00000000) refers (Special) to libinit2.o(.ARM.Collect$$libinit$$0000000E) for __rt_lib_init_rand_1
    libinit.o(.ARM.Collect$$libinit$$00000000) refers (Special) to libinit2.o(.ARM.Collect$$libinit$$00000033) for __rt_lib_init_return
    libinit.o(.ARM.Collect$$libinit$$00000000) refers (Special) to libinit2.o(.ARM.Collect$$libinit$$0000001D) for __rt_lib_init_signal_1
    libinit.o(.ARM.Collect$$libinit$$00000000) refers (Special) to libinit2.o(.ARM.Collect$$libinit$$00000025) for __rt_lib_init_stdio_1
    libinit.o(.ARM.Collect$$libinit$$00000000) refers (Special) to libinit2.o(.ARM.Collect$$libinit$$0000000C) for __rt_lib_init_user_alloc_1
    libspace.o(.text) refers to libspace.o(.bss) for __libspace_start
    rtexit.o(.ARM.Collect$$rtexit$$00000000) refers (Special) to rtexit2.o(.ARM.Collect$$rtexit$$00000004) for __rt_exit_exit
    rtexit.o(.ARM.Collect$$rtexit$$00000000) refers (Special) to rtexit2.o(.ARM.Collect$$rtexit$$00000003) for __rt_exit_ls
    rtexit.o(.ARM.Collect$$rtexit$$00000000) refers (Special) to rtexit2.o(.ARM.Collect$$rtexit$$00000002) for __rt_exit_prels_1
    rtexit.o(.ARM.exidx) refers (Special) to rtexit2.o(.ARM.Collect$$rtexit$$00000004) for __rt_exit_exit
    rtexit.o(.ARM.exidx) refers (Special) to rtexit2.o(.ARM.Collect$$rtexit$$00000003) for __rt_exit_ls
    rtexit.o(.ARM.exidx) refers (Special) to rtexit2.o(.ARM.Collect$$rtexit$$00000002) for __rt_exit_prels_1
    rtexit.o(.ARM.exidx) refers to rtexit.o(.ARM.Collect$$rtexit$$00000000) for .ARM.Collect$$rtexit$$00000000
    rt_raise.o(.text) refers to __raise.o(.text) for __raise
    rt_raise.o(.text) refers to retarget.o(i._sys_exit) for _sys_exit
    defsig_exit.o(.text) refers to retarget.o(i._sys_exit) for _sys_exit
    defsig_fpe_inner.o(.text) refers to defsig_general.o(.text) for __default_signal_display
    libinit2.o(.ARM.Collect$$libinit$$00000010) refers to libinit2.o(.ARM.Collect$$libinit$$0000000F) for .ARM.Collect$$libinit$$0000000F
    libinit2.o(.ARM.Collect$$libinit$$00000012) refers to libinit2.o(.ARM.Collect$$libinit$$0000000F) for .ARM.Collect$$libinit$$0000000F
    libinit2.o(.ARM.Collect$$libinit$$00000014) refers to libinit2.o(.ARM.Collect$$libinit$$0000000F) for .ARM.Collect$$libinit$$0000000F
    libinit2.o(.ARM.Collect$$libinit$$00000016) refers to libinit2.o(.ARM.Collect$$libinit$$0000000F) for .ARM.Collect$$libinit$$0000000F
    libinit2.o(.ARM.Collect$$libinit$$00000018) refers to libinit2.o(.ARM.Collect$$libinit$$0000000F) for .ARM.Collect$$libinit$$0000000F
    libinit2.o(.ARM.Collect$$libinit$$00000026) refers to argv_veneer.o(.emb_text) for __ARM_argv_veneer
    libinit2.o(.ARM.Collect$$libinit$$00000027) refers to argv_veneer.o(.emb_text) for __ARM_argv_veneer
    rtexit2.o(.ARM.Collect$$rtexit$$00000003) refers to libshutdown.o(.ARM.Collect$$libshutdown$$00000000) for __rt_lib_shutdown
    rtexit2.o(.ARM.Collect$$rtexit$$00000004) refers to retarget.o(i._sys_exit) for _sys_exit
    rtexit2.o(.ARM.exidx) refers to rtexit2.o(.ARM.Collect$$rtexit$$00000001) for .ARM.Collect$$rtexit$$00000001
    rtexit2.o(.ARM.exidx) refers to rtexit2.o(.ARM.Collect$$rtexit$$00000003) for .ARM.Collect$$rtexit$$00000003
    rtexit2.o(.ARM.exidx) refers to rtexit2.o(.ARM.Collect$$rtexit$$00000004) for .ARM.Collect$$rtexit$$00000004
    __raise.o(.text) refers to defsig.o(CL$$defsig) for __default_signal_handler
    defsig_general.o(.text) refers to retarget.o(i._ttywrch) for _ttywrch
    argv_veneer.o(.emb_text) refers to no_argv.o(.text) for __ARM_get_argv
    defsig.o(CL$$defsig) refers to defsig_fpe_inner.o(.text) for __rt_SIGFPE_inner
    defsig.o(CL$$defsig) refers to defsig_rtmem_inner.o(.text) for __rt_SIGRTMEM_inner
    _get_argv_nomalloc.o(.text) refers (Special) to hrguard.o(.text) for __heap_region$guard
    _get_argv_nomalloc.o(.text) refers to defsig_rtmem_outer.o(.text) for __rt_SIGRTMEM
    _get_argv_nomalloc.o(.text) refers to sys_command.o(.text) for _sys_command_string
    libshutdown.o(.ARM.Collect$$libshutdown$$00000000) refers (Special) to libshutdown2.o(.ARM.Collect$$libshutdown$$00000002) for __rt_lib_shutdown_cpp_1
    libshutdown.o(.ARM.Collect$$libshutdown$$00000000) refers (Special) to libshutdown2.o(.ARM.Collect$$libshutdown$$00000007) for __rt_lib_shutdown_fp_trap_1
    libshutdown.o(.ARM.Collect$$libshutdown$$00000000) refers (Special) to libshutdown2.o(.ARM.Collect$$libshutdown$$0000000F) for __rt_lib_shutdown_heap_1
    libshutdown.o(.ARM.Collect$$libshutdown$$00000000) refers (Special) to libshutdown2.o(.ARM.Collect$$libshutdown$$00000010) for __rt_lib_shutdown_return
    libshutdown.o(.ARM.Collect$$libshutdown$$00000000) refers (Special) to libshutdown2.o(.ARM.Collect$$libshutdown$$0000000A) for __rt_lib_shutdown_signal_1
    libshutdown.o(.ARM.Collect$$libshutdown$$00000000) refers (Special) to libshutdown2.o(.ARM.Collect$$libshutdown$$00000004) for __rt_lib_shutdown_stdio_1
    libshutdown.o(.ARM.Collect$$libshutdown$$00000000) refers (Special) to libshutdown2.o(.ARM.Collect$$libshutdown$$0000000C) for __rt_lib_shutdown_user_alloc_1
    sys_command.o(.text) refers (Special) to use_no_semi.o(.text) for __I$use$semihosting
    sys_command.o(.text) refers (Special) to indicate_semi.o(.text) for __semihosting_library_function
    defsig_abrt_inner.o(.text) refers to defsig_general.o(.text) for __default_signal_display
    defsig_rtred_inner.o(.text) refers to defsig_general.o(.text) for __default_signal_display
    defsig_rtmem_inner.o(.text) refers to defsig_general.o(.text) for __default_signal_display
    defsig_rtmem_outer.o(.text) refers to defsig_rtmem_inner.o(.text) for __rt_SIGRTMEM_inner
    defsig_rtmem_outer.o(.text) refers to defsig_exit.o(.text) for __sig_exit
    defsig_rtmem_formal.o(.text) refers to rt_raise.o(.text) for __rt_raise
    defsig_stak_inner.o(.text) refers to defsig_general.o(.text) for __default_signal_display
    defsig_pvfn_inner.o(.text) refers to defsig_general.o(.text) for __default_signal_display
    defsig_cppl_inner.o(.text) refers to defsig_general.o(.text) for __default_signal_display
    defsig_segv_inner.o(.text) refers to defsig_general.o(.text) for __default_signal_display
    defsig_other.o(.text) refers to defsig_general.o(.text) for __default_signal_display


==============================================================================

Removing Unused input sections from the image.

    Removing adc.o(.rev16_text), (4 bytes).
    Removing adc.o(.revsh_text), (4 bytes).
    Removing adc.o(.rrx_text), (6 bytes).
    Removing glcd.o(.rev16_text), (4 bytes).
    Removing glcd.o(.revsh_text), (4 bytes).
    Removing glcd.o(.rrx_text), (6 bytes).
    Removing glcd.o(i.LCD_BGR2RGB), (26 bytes).
    Removing glcd.o(i.LCD_DrawBargraph), (82 bytes).
    Removing glcd.o(i.LCD_DrawLine), (250 bytes).
    Removing glcd.o(i.LCD_GetPoint), (992 bytes).
    Removing irq.o(.rev16_text), (4 bytes).
    Removing irq.o(.revsh_text), (4 bytes).
    Removing irq.o(.rrx_text), (6 bytes).
    Removing led.o(.rev16_text), (4 bytes).
    Removing led.o(.revsh_text), (4 bytes).
    Removing led.o(.rrx_text), (6 bytes).
    Removing led.o(i.LED_Init), (56 bytes).
    Removing led.o(i.LED_Off), (28 bytes).
    Removing led.o(i.LED_On), (28 bytes).
    Removing led.o(i.LED_Out), (38 bytes).
    Removing led.o(.constdata), (32 bytes).
    Removing retarget.o(i._ttywrch), (12 bytes).
    Removing retarget.o(i.ferror), (8 bytes).
    Removing retarget.o(i.fgetc), (10 bytes).
    Removing retarget.o(i.fputc), (14 bytes).
    Removing retarget.o(i.getkey), (10 bytes).
    Removing retarget.o(i.sendchar), (28 bytes).
    Removing retarget.o(.data), (8 bytes).
    Removing serial.o(.rev16_text), (4 bytes).
    Removing serial.o(.revsh_text), (4 bytes).
    Removing serial.o(.rrx_text), (6 bytes).
    Removing serial.o(i.SER_getChar), (36 bytes).
    Removing serial.o(i.SER_getChar_nb), (36 bytes).
    Removing ctp.o(.rev16_text), (4 bytes).
    Removing ctp.o(.revsh_text), (4 bytes).
    Removing ctp.o(.rrx_text), (6 bytes).
    Removing ctp.o(i.change_temperature_hysteresis), (40 bytes).
    Removing blinky1.o(.rev16_text), (4 bytes).
    Removing blinky1.o(.revsh_text), (4 bytes).
    Removing blinky1.o(.rrx_text), (6 bytes).
    Removing blinky1.o(i.delay), (24 bytes).
    Removing blinky1.o(.data), (4 bytes).
    Removing joystick.o(.rev16_text), (4 bytes).
    Removing joystick.o(.revsh_text), (4 bytes).
    Removing joystick.o(.rrx_text), (6 bytes).
    Removing joystick.o(i.Run_Joystick), (56 bytes).
    Removing joystick.o(i.get_joystick), (12 bytes).
    Removing joystick.o(i.get_joystick_vert), (56 bytes).
    Removing menu.o(.rev16_text), (4 bytes).
    Removing menu.o(.revsh_text), (4 bytes).
    Removing menu.o(.rrx_text), (6 bytes).
    Removing menu.o(.constdata), (8 bytes).
    Removing menu_screens.o(.rev16_text), (4 bytes).
    Removing menu_screens.o(.revsh_text), (4 bytes).
    Removing menu_screens.o(.rrx_text), (6 bytes).
    Removing system_lpc17xx.o(.rev16_text), (4 bytes).
    Removing system_lpc17xx.o(.revsh_text), (4 bytes).
    Removing system_lpc17xx.o(.rrx_text), (6 bytes).
    Removing system_lpc17xx.o(i.SystemCoreClockUpdate), (424 bytes).

59 unused section(s) (total 2472 bytes) removed from the image.

==============================================================================

Image Symbol Table

    Local Symbols

    Symbol Name                              Value     Ov Type        Size  Object(Section)

    RESET                                    0x00000000   Section      204  startup_lpc17xx.o(RESET)
    ../clib/angel/boardlib.s                 0x00000000   Number         0  boardshut.o ABSOLUTE
    ../clib/angel/boardlib.s                 0x00000000   Number         0  boardinit3.o ABSOLUTE
    ../clib/angel/boardlib.s                 0x00000000   Number         0  boardinit2.o ABSOLUTE
    ../clib/angel/boardlib.s                 0x00000000   Number         0  boardinit1.o ABSOLUTE
    ../clib/angel/handlers.s                 0x00000000   Number         0  __scatter_copy.o ABSOLUTE
    ../clib/angel/handlers.s                 0x00000000   Number         0  __scatter_zi.o ABSOLUTE
    ../clib/angel/kernel.s                   0x00000000   Number         0  __rtentry2.o ABSOLUTE
    ../clib/angel/kernel.s                   0x00000000   Number         0  __rtentry.o ABSOLUTE
    ../clib/angel/kernel.s                   0x00000000   Number         0  __rtentry4.o ABSOLUTE
    ../clib/angel/kernel.s                   0x00000000   Number         0  rtexit2.o ABSOLUTE
    ../clib/angel/kernel.s                   0x00000000   Number         0  rtexit.o ABSOLUTE
    ../clib/angel/rt.s                       0x00000000   Number         0  aeabi_ldiv0.o ABSOLUTE
    ../clib/angel/rt.s                       0x00000000   Number         0  aeabi_ldiv0_sigfpe.o ABSOLUTE
    ../clib/angel/rt.s                       0x00000000   Number         0  rt_div0.o ABSOLUTE
    ../clib/angel/rt.s                       0x00000000   Number         0  rt_raise.o ABSOLUTE
    ../clib/angel/scatter.s                  0x00000000   Number         0  __scatter.o ABSOLUTE
    ../clib/angel/startup.s                  0x00000000   Number         0  __main.o ABSOLUTE
    ../clib/angel/sys.s                      0x00000000   Number         0  libspace.o ABSOLUTE
    ../clib/angel/sys.s                      0x00000000   Number         0  indicate_semi.o ABSOLUTE
    ../clib/angel/sys.s                      0x00000000   Number         0  sys_stackheap_outer.o ABSOLUTE
    ../clib/angel/sys.s                      0x00000000   Number         0  use_no_semi.o ABSOLUTE
    ../clib/angel/sysapp.c                   0x00000000   Number         0  sys_command.o ABSOLUTE
    ../clib/armsys.c                         0x00000000   Number         0  no_argv.o ABSOLUTE
    ../clib/armsys.c                         0x00000000   Number         0  argv_veneer.o ABSOLUTE
    ../clib/armsys.c                         0x00000000   Number         0  _get_argv_nomalloc.o ABSOLUTE
    ../clib/armsys.c                         0x00000000   Number         0  argv_veneer.o ABSOLUTE
    ../clib/heapalloc.c                      0x00000000   Number         0  hrguard.o ABSOLUTE
    ../clib/heapaux.c                        0x00000000   Number         0  heapauxi.o ABSOLUTE
    ../clib/libinit.s                        0x00000000   Number         0  libshutdown.o ABSOLUTE
    ../clib/libinit.s                        0x00000000   Number         0  libinit.o ABSOLUTE
    ../clib/libinit.s                        0x00000000   Number         0  libshutdown2.o ABSOLUTE
    ../clib/libinit.s                        0x00000000   Number         0  libinit2.o ABSOLUTE
    ../clib/longlong.s                       0x00000000   Number         0  lludivv7m.o ABSOLUTE
    ../clib/memcpset.s                       0x00000000   Number         0  rt_memcpy_w.o ABSOLUTE
    ../clib/memcpset.s                       0x00000000   Number         0  rt_memcpy_v6.o ABSOLUTE
    ../clib/printf.c                         0x00000000   Number         0  __printf.o ABSOLUTE
    ../clib/printf.c                         0x00000000   Number         0  __printf_nopercent.o ABSOLUTE
    ../clib/printf.c                         0x00000000   Number         0  _printf_dec.o ABSOLUTE
    ../clib/printf.c                         0x00000000   Number         0  __printf_flags.o ABSOLUTE
    ../clib/printf.c                         0x00000000   Number         0  __printf_ss.o ABSOLUTE
    ../clib/printf.c                         0x00000000   Number         0  _printf_intcommon.o ABSOLUTE
    ../clib/printf.c                         0x00000000   Number         0  __printf_wp.o ABSOLUTE
    ../clib/printf.c                         0x00000000   Number         0  __printf_flags_wp.o ABSOLUTE
    ../clib/printf.c                         0x00000000   Number         0  __printf_ss_wp.o ABSOLUTE
    ../clib/printf.c                         0x00000000   Number         0  __printf_flags_ss_wp.o ABSOLUTE
    ../clib/printf.c                         0x00000000   Number         0  __printf_flags_ss.o ABSOLUTE
    ../clib/printf.c                         0x00000000   Number         0  __2sprintf.o ABSOLUTE
    ../clib/printf.c                         0x00000000   Number         0  noretval__2sprintf.o ABSOLUTE
    ../clib/printf.c                         0x00000000   Number         0  _printf_char_common.o ABSOLUTE
    ../clib/printf.c                         0x00000000   Number         0  _sputc.o ABSOLUTE
    ../clib/printf_percent.s                 0x00000000   Number         0  _printf_percent_end.o ABSOLUTE
    ../clib/printf_percent.s                 0x00000000   Number         0  _printf_percent.o ABSOLUTE
    ../clib/printf_percent.s                 0x00000000   Number         0  _printf_i.o ABSOLUTE
    ../clib/printf_percent.s                 0x00000000   Number         0  _printf_d.o ABSOLUTE
    ../clib/signal.c                         0x00000000   Number         0  defsig_cppl_inner.o ABSOLUTE
    ../clib/signal.c                         0x00000000   Number         0  defsig_segv_inner.o ABSOLUTE
    ../clib/signal.c                         0x00000000   Number         0  defsig_abrt_inner.o ABSOLUTE
    ../clib/signal.c                         0x00000000   Number         0  defsig_other.o ABSOLUTE
    ../clib/signal.c                         0x00000000   Number         0  defsig_fpe_inner.o ABSOLUTE
    ../clib/signal.c                         0x00000000   Number         0  defsig_exit.o ABSOLUTE
    ../clib/signal.c                         0x00000000   Number         0  defsig_fpe_formal.o ABSOLUTE
    ../clib/signal.c                         0x00000000   Number         0  defsig_fpe_outer.o ABSOLUTE
    ../clib/signal.c                         0x00000000   Number         0  defsig_general.o ABSOLUTE
    ../clib/signal.c                         0x00000000   Number         0  __raise.o ABSOLUTE
    ../clib/signal.c                         0x00000000   Number         0  defsig_stak_inner.o ABSOLUTE
    ../clib/signal.c                         0x00000000   Number         0  defsig_rtred_inner.o ABSOLUTE
    ../clib/signal.c                         0x00000000   Number         0  defsig_rtmem_inner.o ABSOLUTE
    ../clib/signal.c                         0x00000000   Number         0  defsig_rtmem_outer.o ABSOLUTE
    ../clib/signal.c                         0x00000000   Number         0  defsig_rtmem_formal.o ABSOLUTE
    ../clib/signal.c                         0x00000000   Number         0  defsig_pvfn_inner.o ABSOLUTE
    ../clib/signal.s                         0x00000000   Number         0  defsig.o ABSOLUTE
    ../clib/stdlib.c                         0x00000000   Number         0  exit.o ABSOLUTE
    ../fplib/fpinit.s                        0x00000000   Number         0  fpinit.o ABSOLUTE
    ADC.c                                    0x00000000   Number         0  adc.o ABSOLUTE
    ADC.c                                    0x00000000   Number         0  adc.o ABSOLUTE
    AsciiLib.c                               0x00000000   Number         0  asciilib.o ABSOLUTE
    GLCD.c                                   0x00000000   Number         0  glcd.o ABSOLUTE
    GLCD.c                                   0x00000000   Number         0  glcd.o ABSOLUTE
    IRQ.c                                    0x00000000   Number         0  irq.o ABSOLUTE
    IRQ.c                                    0x00000000   Number         0  irq.o ABSOLUTE
    JOYSTICK.c                               0x00000000   Number         0  joystick.o ABSOLUTE
    JOYSTICK.c                               0x00000000   Number         0  joystick.o ABSOLUTE
    LED.c                                    0x00000000   Number         0  led.o ABSOLUTE
    LED.c                                    0x00000000   Number         0  led.o ABSOLUTE
    MENU.c                                   0x00000000   Number         0  menu.o ABSOLUTE
    MENU.c                                   0x00000000   Number         0  menu.o ABSOLUTE
    Menu_Screens.c                           0x00000000   Number         0  menu_screens.o ABSOLUTE
    Menu_Screens.c                           0x00000000   Number         0  menu_screens.o ABSOLUTE
    RTE\Device\LPC1768\startup_LPC17xx.s     0x00000000   Number         0  startup_lpc17xx.o ABSOLUTE
    RTE\Device\LPC1768\system_LPC17xx.c      0x00000000   Number         0  system_lpc17xx.o ABSOLUTE
    RTE\\Device\\LPC1768\\system_LPC17xx.c   0x00000000   Number         0  system_lpc17xx.o ABSOLUTE
    Retarget.c                               0x00000000   Number         0  retarget.o ABSOLUTE
    Serial.c                                 0x00000000   Number         0  serial.o ABSOLUTE
    Serial.c                                 0x00000000   Number         0  serial.o ABSOLUTE
    blinky1.c                                0x00000000   Number         0  blinky1.o ABSOLUTE
    blinky1.c                                0x00000000   Number         0  blinky1.o ABSOLUTE
    ctp.c                                    0x00000000   Number         0  ctp.o ABSOLUTE
    ctp.c                                    0x00000000   Number         0  ctp.o ABSOLUTE
    dc.s                                     0x00000000   Number         0  dc.o ABSOLUTE
    !!!main                                  0x000000cc   Section        8  __main.o(!!!main)
    !!!scatter                               0x000000d4   Section       52  __scatter.o(!!!scatter)
    !!handler_copy                           0x00000108   Section       26  __scatter_copy.o(!!handler_copy)
    !!handler_zi                             0x00000124   Section       28  __scatter_zi.o(!!handler_zi)
    .ARM.Collect$$_printf_percent$$00000000  0x00000140   Section        0  _printf_percent.o(.ARM.Collect$$_printf_percent$$00000000)
    .ARM.Collect$$_printf_percent$$00000008  0x00000140   Section        6  _printf_i.o(.ARM.Collect$$_printf_percent$$00000008)
    .ARM.Collect$$_printf_percent$$00000009  0x00000146   Section        6  _printf_d.o(.ARM.Collect$$_printf_percent$$00000009)
    .ARM.Collect$$_printf_percent$$00000017  0x0000014c   Section        4  _printf_percent_end.o(.ARM.Collect$$_printf_percent$$00000017)
    .ARM.Collect$$libinit$$00000000          0x00000150   Section        2  libinit.o(.ARM.Collect$$libinit$$00000000)
    .ARM.Collect$$libinit$$00000002          0x00000152   Section        0  libinit2.o(.ARM.Collect$$libinit$$00000002)
    .ARM.Collect$$libinit$$00000004          0x00000152   Section        0  libinit2.o(.ARM.Collect$$libinit$$00000004)
    .ARM.Collect$$libinit$$0000000A          0x00000152   Section        0  libinit2.o(.ARM.Collect$$libinit$$0000000A)
    .ARM.Collect$$libinit$$0000000C          0x00000152   Section        0  libinit2.o(.ARM.Collect$$libinit$$0000000C)
    .ARM.Collect$$libinit$$0000000E          0x00000152   Section        0  libinit2.o(.ARM.Collect$$libinit$$0000000E)
    .ARM.Collect$$libinit$$00000011          0x00000152   Section        0  libinit2.o(.ARM.Collect$$libinit$$00000011)
    .ARM.Collect$$libinit$$00000013          0x00000152   Section        0  libinit2.o(.ARM.Collect$$libinit$$00000013)
    .ARM.Collect$$libinit$$00000015          0x00000152   Section        0  libinit2.o(.ARM.Collect$$libinit$$00000015)
    .ARM.Collect$$libinit$$00000017          0x00000152   Section        0  libinit2.o(.ARM.Collect$$libinit$$00000017)
    .ARM.Collect$$libinit$$00000019          0x00000152   Section        0  libinit2.o(.ARM.Collect$$libinit$$00000019)
    .ARM.Collect$$libinit$$0000001B          0x00000152   Section        0  libinit2.o(.ARM.Collect$$libinit$$0000001B)
    .ARM.Collect$$libinit$$0000001D          0x00000152   Section        0  libinit2.o(.ARM.Collect$$libinit$$0000001D)
    .ARM.Collect$$libinit$$0000001F          0x00000152   Section        0  libinit2.o(.ARM.Collect$$libinit$$0000001F)
    .ARM.Collect$$libinit$$00000021          0x00000152   Section        0  libinit2.o(.ARM.Collect$$libinit$$00000021)
    .ARM.Collect$$libinit$$00000023          0x00000152   Section        0  libinit2.o(.ARM.Collect$$libinit$$00000023)
    .ARM.Collect$$libinit$$00000025          0x00000152   Section        0  libinit2.o(.ARM.Collect$$libinit$$00000025)
    .ARM.Collect$$libinit$$0000002C          0x00000152   Section        0  libinit2.o(.ARM.Collect$$libinit$$0000002C)
    .ARM.Collect$$libinit$$0000002E          0x00000152   Section        0  libinit2.o(.ARM.Collect$$libinit$$0000002E)
    .ARM.Collect$$libinit$$00000030          0x00000152   Section        0  libinit2.o(.ARM.Collect$$libinit$$00000030)
    .ARM.Collect$$libinit$$00000032          0x00000152   Section        0  libinit2.o(.ARM.Collect$$libinit$$00000032)
    .ARM.Collect$$libinit$$00000033          0x00000152   Section        2  libinit2.o(.ARM.Collect$$libinit$$00000033)
    .ARM.Collect$$libshutdown$$00000000      0x00000154   Section        2  libshutdown.o(.ARM.Collect$$libshutdown$$00000000)
    .ARM.Collect$$libshutdown$$00000002      0x00000156   Section        0  libshutdown2.o(.ARM.Collect$$libshutdown$$00000002)
    .ARM.Collect$$libshutdown$$00000004      0x00000156   Section        0  libshutdown2.o(.ARM.Collect$$libshutdown$$00000004)
    .ARM.Collect$$libshutdown$$00000007      0x00000156   Section        0  libshutdown2.o(.ARM.Collect$$libshutdown$$00000007)
    .ARM.Collect$$libshutdown$$0000000A      0x00000156   Section        0  libshutdown2.o(.ARM.Collect$$libshutdown$$0000000A)
    .ARM.Collect$$libshutdown$$0000000C      0x00000156   Section        0  libshutdown2.o(.ARM.Collect$$libshutdown$$0000000C)
    .ARM.Collect$$libshutdown$$0000000F      0x00000156   Section        0  libshutdown2.o(.ARM.Collect$$libshutdown$$0000000F)
    .ARM.Collect$$libshutdown$$00000010      0x00000156   Section        2  libshutdown2.o(.ARM.Collect$$libshutdown$$00000010)
    .ARM.Collect$$rtentry$$00000000          0x00000158   Section        0  __rtentry.o(.ARM.Collect$$rtentry$$00000000)
    .ARM.Collect$$rtentry$$00000002          0x00000158   Section        0  __rtentry2.o(.ARM.Collect$$rtentry$$00000002)
    .ARM.Collect$$rtentry$$00000004          0x00000158   Section        6  __rtentry4.o(.ARM.Collect$$rtentry$$00000004)
    .ARM.Collect$$rtentry$$00000009          0x0000015e   Section        0  __rtentry2.o(.ARM.Collect$$rtentry$$00000009)
    .ARM.Collect$$rtentry$$0000000A          0x0000015e   Section        4  __rtentry2.o(.ARM.Collect$$rtentry$$0000000A)
    .ARM.Collect$$rtentry$$0000000C          0x00000162   Section        0  __rtentry2.o(.ARM.Collect$$rtentry$$0000000C)
    .ARM.Collect$$rtentry$$0000000D          0x00000162   Section        8  __rtentry2.o(.ARM.Collect$$rtentry$$0000000D)
    .ARM.Collect$$rtexit$$00000000           0x0000016a   Section        2  rtexit.o(.ARM.Collect$$rtexit$$00000000)
    .ARM.Collect$$rtexit$$00000002           0x0000016c   Section        0  rtexit2.o(.ARM.Collect$$rtexit$$00000002)
    .ARM.Collect$$rtexit$$00000003           0x0000016c   Section        4  rtexit2.o(.ARM.Collect$$rtexit$$00000003)
    .ARM.Collect$$rtexit$$00000004           0x00000170   Section        6  rtexit2.o(.ARM.Collect$$rtexit$$00000004)
    .text                                    0x00000178   Section       60  startup_lpc17xx.o(.text)
    .text                                    0x000001b4   Section        2  use_no_semi.o(.text)
    .text                                    0x000001b8   Section        0  noretval__2sprintf.o(.text)
    .text                                    0x000001e0   Section        0  __printf.o(.text)
    .text                                    0x00000248   Section        0  _printf_dec.o(.text)
    .text                                    0x000002c0   Section        0  heapauxi.o(.text)
    .text                                    0x000002c8   Section        0  _printf_char_common.o(.text)
    _printf_input_char                       0x000002c9   Thumb Code    10  _printf_char_common.o(.text)
    i._sys_exit                              0x000002f8   Section        0  retarget.o(i._sys_exit)
    .ARM.__at_0x02FC                         0x000002fc   Section        4  startup_lpc17xx.o(.ARM.__at_0x02FC)
    .text                                    0x00000300   Section      138  rt_memcpy_v6.o(.text)
    .text                                    0x0000038a   Section        0  _printf_intcommon.o(.text)
    .text                                    0x0000043c   Section        0  _sputc.o(.text)
    .text                                    0x00000446   Section      100  rt_memcpy_w.o(.text)
    .text                                    0x000004aa   Section       74  sys_stackheap_outer.o(.text)
    .text                                    0x000004f4   Section        0  exit.o(.text)
    .text                                    0x00000508   Section        8  libspace.o(.text)
    i.AC_switch                              0x00000510   Section        0  ctp.o(i.AC_switch)
    i.ADC_IRQHandler                         0x00000558   Section        0  irq.o(i.ADC_IRQHandler)
    i.ADC_Init                               0x000005c8   Section        0  adc.o(i.ADC_Init)
    i.ADC_StartCnv                           0x00000704   Section        0  adc.o(i.ADC_StartCnv)
    i.ADC_StopCnv                            0x00000718   Section        0  adc.o(i.ADC_StopCnv)
    i.Check_Joystick                         0x0000072c   Section        0  joystick.o(i.Check_Joystick)
    i.EINT0_IRQHandler                       0x00000760   Section        0  irq.o(i.EINT0_IRQHandler)
    i.EINT1_IRQHandler                       0x00000774   Section        0  irq.o(i.EINT1_IRQHandler)
    i.EINT2_IRQHandler                       0x00000788   Section        0  irq.o(i.EINT2_IRQHandler)
    i.GetASCIICode                           0x0000079c   Section        0  asciilib.o(i.GetASCIICode)
    i.Joystick_Init                          0x000007bc   Section        0  joystick.o(i.Joystick_Init)
    i.LCD_Clear                              0x000007d0   Section        0  glcd.o(i.LCD_Clear)
    i.LCD_Configuration                      0x00000dc0   Section        0  glcd.o(i.LCD_Configuration)
    LCD_Configuration                        0x00000dc1   Thumb Code    20  glcd.o(i.LCD_Configuration)
    i.LCD_Initialization                     0x00000dd8   Section        0  glcd.o(i.LCD_Initialization)
    i.LCD_PutChar                            0x00003194   Section        0  glcd.o(i.LCD_PutChar)
    i.LCD_PutText                            0x000031f8   Section        0  glcd.o(i.LCD_PutText)
    i.LCD_SetCursor                          0x00003248   Section        0  glcd.o(i.LCD_SetCursor)
    LCD_SetCursor                            0x00003249   Thumb Code  1356  glcd.o(i.LCD_SetCursor)
    i.LCD_SetPoint                           0x00003798   Section        0  glcd.o(i.LCD_SetPoint)
    i.Menu_Change_Data                       0x0000386c   Section        0  menu.o(i.Menu_Change_Data)
    i.Menu_Change_Screen                     0x000038b0   Section        0  menu_screens.o(i.Menu_Change_Screen)
    i.Menu_Clear                             0x000038c6   Section        0  menu.o(i.Menu_Clear)
    i.Menu_Get_Current_Screen                0x000038d0   Section        0  menu_screens.o(i.Menu_Get_Current_Screen)
    i.Menu_Init                              0x000038dc   Section        0  menu.o(i.Menu_Init)
    i.Menu_Screen                            0x000038ec   Section        0  menu_screens.o(i.Menu_Screen)
    i.Menu_Screen_Get_Cursor_Line            0x00003a44   Section        0  menu_screens.o(i.Menu_Screen_Get_Cursor_Line)
    i.Menu_Screen_Set_Cursor_Line            0x00003a50   Section        0  menu_screens.o(i.Menu_Screen_Set_Cursor_Line)
    i.Menu_Screen_Update_Data                0x00003a5c   Section        0  menu_screens.o(i.Menu_Screen_Update_Data)
    i.Menu_Set_Current_Screen                0x00003ae4   Section        0  menu_screens.o(i.Menu_Set_Current_Screen)
    i.Menu_Set_Cursor                        0x00003af0   Section        0  menu.o(i.Menu_Set_Cursor)
    i.Menu_Set_Data                          0x00003b48   Section        0  menu.o(i.Menu_Set_Data)
    i.Menu_Set_Line                          0x00003bac   Section        0  menu.o(i.Menu_Set_Line)
    i.Menu_Set_OnOffData                     0x00003bd4   Section        0  menu.o(i.Menu_Set_OnOffData)
    i.Menu_Set_TextData                      0x00003bf0   Section        0  menu.o(i.Menu_Set_TextData)
    i.NVIC_ClearPendingIRQ                   0x00003c44   Section        0  irq.o(i.NVIC_ClearPendingIRQ)
    NVIC_ClearPendingIRQ                     0x00003c45   Thumb Code    22  irq.o(i.NVIC_ClearPendingIRQ)
    i.NVIC_ClearPendingIRQ                   0x00003c60   Section        0  serial.o(i.NVIC_ClearPendingIRQ)
    NVIC_ClearPendingIRQ                     0x00003c61   Thumb Code    22  serial.o(i.NVIC_ClearPendingIRQ)
    i.NVIC_EnableIRQ                         0x00003c7c   Section        0  serial.o(i.NVIC_EnableIRQ)
    NVIC_EnableIRQ                           0x00003c7d   Thumb Code    26  serial.o(i.NVIC_EnableIRQ)
    i.SER_init                               0x00003c98   Section        0  serial.o(i.SER_init)
    i.SER_putChar                            0x00003d88   Section        0  serial.o(i.SER_putChar)
    i.SER_putString                          0x00003db0   Section        0  serial.o(i.SER_putString)
    i.SysTick_Handler                        0x00003dcc   Section        0  irq.o(i.SysTick_Handler)
    i.SystemInit                             0x00003dfc   Section        0  system_lpc17xx.o(i.SystemInit)
    i.UART2_IRQHandler                       0x00003f3c   Section        0  irq.o(i.UART2_IRQHandler)
    i.Update_Joystick                        0x00003f88   Section        0  joystick.o(i.Update_Joystick)
    i.adc_calculate_temp                     0x00003f9c   Section        0  ctp.o(i.adc_calculate_temp)
    i.change_set_temperature                 0x0000400c   Section        0  ctp.o(i.change_set_temperature)
    i.check_climate_control                  0x00004040   Section        0  ctp.o(i.check_climate_control)
    i.copy_current_lights                    0x0000410c   Section        0  ctp.o(i.copy_current_lights)
    i.copy_current_temp                      0x0000412c   Section        0  ctp.o(i.copy_current_temp)
    i.ctp_init                               0x00004164   Section        0  ctp.o(i.ctp_init)
    i.delay_ms                               0x000041dc   Section        0  glcd.o(i.delay_ms)
    delay_ms                                 0x000041dd   Thumb Code    30  glcd.o(i.delay_ms)
    i.get_current_cooling                    0x000041fc   Section        0  ctp.o(i.get_current_cooling)
    i.get_current_heating                    0x00004208   Section        0  ctp.o(i.get_current_heating)
    i.get_joystick_horz                      0x00004214   Section        0  joystick.o(i.get_joystick_horz)
    i.get_set_temperature                    0x0000424c   Section        0  ctp.o(i.get_set_temperature)
    i.heat_switch                            0x00004260   Section        0  ctp.o(i.heat_switch)
    i.is_joy_left                            0x000042a8   Section        0  joystick.o(i.is_joy_left)
    i.is_joy_right                           0x000042d0   Section        0  joystick.o(i.is_joy_right)
    i.is_joystick                            0x000042f8   Section        0  joystick.o(i.is_joystick)
    i.light_switch                           0x00004320   Section        0  ctp.o(i.light_switch)
    i.main                                   0x00004378   Section        0  blinky1.o(i.main)
    i.uart_process_command                   0x000045a4   Section        0  ctp.o(i.uart_process_command)
    i.update_app                             0x000046f8   Section        0  ctp.o(i.update_app)
    i.wait_delay                             0x0000481c   Section        0  glcd.o(i.wait_delay)
    wait_delay                               0x0000481d   Thumb Code    12  glcd.o(i.wait_delay)
    .constdata                               0x00004828   Section     1520  asciilib.o(.constdata)
    AsciiLib                                 0x00004828   Data        1520  asciilib.o(.constdata)
    .constdata                               0x00004e18   Section        2  irq.o(.constdata)
    .constdata                               0x00004e1c   Section       12  ctp.o(.constdata)
    q15_temp_coefs                           0x00004e1c   Data           8  ctp.o(.constdata)
    light_pin_map                            0x00004e24   Data           4  ctp.o(.constdata)
    .data                                    0x10000000   Section        9  adc.o(.data)
    .data                                    0x10000009   Section        1  glcd.o(.data)
    LCD_Code                                 0x10000009   Data           1  glcd.o(.data)
    .data                                    0x1000000c   Section        8  irq.o(.data)
    commandIndex                             0x10000010   Data           1  irq.o(.data)
    adcTicks                                 0x10000012   Data           2  irq.o(.data)
    .data                                    0x10000014   Section       22  ctp.o(.data)
    temp_last                                0x10000014   Data           8  ctp.o(.data)
    user                                     0x10000020   Data          10  ctp.o(.data)
    .data                                    0x1000002c   Section        6  joystick.o(.data)
    .data                                    0x10000034   Section       30  menu.o(.data)
    .data                                    0x10000054   Section       12  menu_screens.o(.data)
    .data                                    0x10000060   Section        4  system_lpc17xx.o(.data)
    .bss                                     0x10000064   Section       10  irq.o(.bss)
    .bss                                     0x1000006e   Section       24  ctp.o(.bss)
    text                                     0x1000006e   Data          10  ctp.o(.bss)
    chip                                     0x10000078   Data          14  ctp.o(.bss)
    .bss                                     0x10000088   Section       96  libspace.o(.bss)
    HEAP                                     0x100000e8   Section        0  startup_lpc17xx.o(HEAP)
    STACK                                    0x100000e8   Section      512  startup_lpc17xx.o(STACK)
    Heap_Mem                                 0x100000e8   Data           0  startup_lpc17xx.o(HEAP)
    Stack_Mem                                0x100000e8   Data         512  startup_lpc17xx.o(STACK)
    __initial_sp                             0x100002e8   Data           0  startup_lpc17xx.o(STACK)

    Global Symbols

    Symbol Name                              Value     Ov Type        Size  Object(Section)

    BuildAttributes$$THM_ISAv4$P$D$K$B$S$PE$A:L22UL41UL21$X:L11$S22US41US21$IEEE1$IW$USESV6$~STKCKD$USESV7$~SHL$OSPACE$ROPI$EBA8$UX$STANDARDLIB$REQ8$PRES8$EABIv2 0x00000000   Number         0  anon$$obj.o ABSOLUTE
    __ARM_use_no_argv                        0x00000000   Number         0  blinky1.o ABSOLUTE
    __Vectors                                0x00000000   Data           4  startup_lpc17xx.o(RESET)
    __ARM_exceptions_init                     - Undefined Weak Reference
    __alloca_initialize                       - Undefined Weak Reference
    __arm_preinit_                            - Undefined Weak Reference
    __cpp_initialize__aeabi_                  - Undefined Weak Reference
    __cxa_finalize                            - Undefined Weak Reference
    __rt_locale                               - Undefined Weak Reference
    __sigvec_lookup                           - Undefined Weak Reference
    _atexit_init                              - Undefined Weak Reference
    _call_atexit_fns                          - Undefined Weak Reference
    _clock_init                               - Undefined Weak Reference
    _fp_trap_init                             - Undefined Weak Reference
    _fp_trap_shutdown                         - Undefined Weak Reference
    _get_lc_collate                           - Undefined Weak Reference
    _get_lc_ctype                             - Undefined Weak Reference
    _get_lc_monetary                          - Undefined Weak Reference
    _get_lc_numeric                           - Undefined Weak Reference
    _get_lc_time                              - Undefined Weak Reference
    _getenv_init                              - Undefined Weak Reference
    _handle_redirection                       - Undefined Weak Reference
    _init_alloc                               - Undefined Weak Reference
    _init_user_alloc                          - Undefined Weak Reference
    _initio                                   - Undefined Weak Reference
    _printf_post_padding                      - Undefined Weak Reference
    _printf_pre_padding                       - Undefined Weak Reference
    _printf_truncate_signed                   - Undefined Weak Reference
    _printf_truncate_unsigned                 - Undefined Weak Reference
    _rand_init                                - Undefined Weak Reference
    _signal_finish                            - Undefined Weak Reference
    _signal_init                              - Undefined Weak Reference
    _terminate_alloc                          - Undefined Weak Reference
    _terminate_user_alloc                     - Undefined Weak Reference
    _terminateio                              - Undefined Weak Reference
    __main                                   0x000000cd   Thumb Code     8  __main.o(!!!main)
    __scatterload                            0x000000d5   Thumb Code     0  __scatter.o(!!!scatter)
    __scatterload_rt2                        0x000000d5   Thumb Code    44  __scatter.o(!!!scatter)
    __scatterload_rt2_thumb_only             0x000000d5   Thumb Code     0  __scatter.o(!!!scatter)
    __scatterload_null                       0x000000e3   Thumb Code     0  __scatter.o(!!!scatter)
    __scatterload_copy                       0x00000109   Thumb Code    26  __scatter_copy.o(!!handler_copy)
    __scatterload_zeroinit                   0x00000125   Thumb Code    28  __scatter_zi.o(!!handler_zi)
    _printf_i                                0x00000141   Thumb Code     0  _printf_i.o(.ARM.Collect$$_printf_percent$$00000008)
    _printf_percent                          0x00000141   Thumb Code     0  _printf_percent.o(.ARM.Collect$$_printf_percent$$00000000)
    _printf_d                                0x00000147   Thumb Code     0  _printf_d.o(.ARM.Collect$$_printf_percent$$00000009)
    _printf_percent_end                      0x0000014d   Thumb Code     0  _printf_percent_end.o(.ARM.Collect$$_printf_percent$$00000017)
    __rt_lib_init                            0x00000151   Thumb Code     0  libinit.o(.ARM.Collect$$libinit$$00000000)
    __rt_lib_init_alloca_1                   0x00000153   Thumb Code     0  libinit2.o(.ARM.Collect$$libinit$$0000002E)
    __rt_lib_init_argv_1                     0x00000153   Thumb Code     0  libinit2.o(.ARM.Collect$$libinit$$0000002C)
    __rt_lib_init_atexit_1                   0x00000153   Thumb Code     0  libinit2.o(.ARM.Collect$$libinit$$0000001B)
    __rt_lib_init_clock_1                    0x00000153   Thumb Code     0  libinit2.o(.ARM.Collect$$libinit$$00000021)
    __rt_lib_init_cpp_1                      0x00000153   Thumb Code     0  libinit2.o(.ARM.Collect$$libinit$$00000032)
    __rt_lib_init_exceptions_1               0x00000153   Thumb Code     0  libinit2.o(.ARM.Collect$$libinit$$00000030)
    __rt_lib_init_fp_1                       0x00000153   Thumb Code     0  libinit2.o(.ARM.Collect$$libinit$$00000002)
    __rt_lib_init_fp_trap_1                  0x00000153   Thumb Code     0  libinit2.o(.ARM.Collect$$libinit$$0000001F)
    __rt_lib_init_getenv_1                   0x00000153   Thumb Code     0  libinit2.o(.ARM.Collect$$libinit$$00000023)
    __rt_lib_init_heap_1                     0x00000153   Thumb Code     0  libinit2.o(.ARM.Collect$$libinit$$0000000A)
    __rt_lib_init_lc_collate_1               0x00000153   Thumb Code     0  libinit2.o(.ARM.Collect$$libinit$$00000011)
    __rt_lib_init_lc_ctype_1                 0x00000153   Thumb Code     0  libinit2.o(.ARM.Collect$$libinit$$00000013)
    __rt_lib_init_lc_monetary_1              0x00000153   Thumb Code     0  libinit2.o(.ARM.Collect$$libinit$$00000015)
    __rt_lib_init_lc_numeric_1               0x00000153   Thumb Code     0  libinit2.o(.ARM.Collect$$libinit$$00000017)
    __rt_lib_init_lc_time_1                  0x00000153   Thumb Code     0  libinit2.o(.ARM.Collect$$libinit$$00000019)
    __rt_lib_init_preinit_1                  0x00000153   Thumb Code     0  libinit2.o(.ARM.Collect$$libinit$$00000004)
    __rt_lib_init_rand_1                     0x00000153   Thumb Code     0  libinit2.o(.ARM.Collect$$libinit$$0000000E)
    __rt_lib_init_return                     0x00000153   Thumb Code     0  libinit2.o(.ARM.Collect$$libinit$$00000033)
    __rt_lib_init_signal_1                   0x00000153   Thumb Code     0  libinit2.o(.ARM.Collect$$libinit$$0000001D)
    __rt_lib_init_stdio_1                    0x00000153   Thumb Code     0  libinit2.o(.ARM.Collect$$libinit$$00000025)
    __rt_lib_init_user_alloc_1               0x00000153   Thumb Code     0  libinit2.o(.ARM.Collect$$libinit$$0000000C)
    __rt_lib_shutdown                        0x00000155   Thumb Code     0  libshutdown.o(.ARM.Collect$$libshutdown$$00000000)
    __rt_lib_shutdown_cpp_1                  0x00000157   Thumb Code     0  libshutdown2.o(.ARM.Collect$$libshutdown$$00000002)
    __rt_lib_shutdown_fp_trap_1              0x00000157   Thumb Code     0  libshutdown2.o(.ARM.Collect$$libshutdown$$00000007)
    __rt_lib_shutdown_heap_1                 0x00000157   Thumb Code     0  libshutdown2.o(.ARM.Collect$$libshutdown$$0000000F)
    __rt_lib_shutdown_return                 0x00000157   Thumb Code     0  libshutdown2.o(.ARM.Collect$$libshutdown$$00000010)
    __rt_lib_shutdown_signal_1               0x00000157   Thumb Code     0  libshutdown2.o(.ARM.Collect$$libshutdown$$0000000A)
    __rt_lib_shutdown_stdio_1                0x00000157   Thumb Code     0  libshutdown2.o(.ARM.Collect$$libshutdown$$00000004)
    __rt_lib_shutdown_user_alloc_1           0x00000157   Thumb Code     0  libshutdown2.o(.ARM.Collect$$libshutdown$$0000000C)
    __rt_entry                               0x00000159   Thumb Code     0  __rtentry.o(.ARM.Collect$$rtentry$$00000000)
    __rt_entry_presh_1                       0x00000159   Thumb Code     0  __rtentry2.o(.ARM.Collect$$rtentry$$00000002)
    __rt_entry_sh                            0x00000159   Thumb Code     0  __rtentry4.o(.ARM.Collect$$rtentry$$00000004)
    __rt_entry_li                            0x0000015f   Thumb Code     0  __rtentry2.o(.ARM.Collect$$rtentry$$0000000A)
    __rt_entry_postsh_1                      0x0000015f   Thumb Code     0  __rtentry2.o(.ARM.Collect$$rtentry$$00000009)
    __rt_entry_main                          0x00000163   Thumb Code     0  __rtentry2.o(.ARM.Collect$$rtentry$$0000000D)
    __rt_entry_postli_1                      0x00000163   Thumb Code     0  __rtentry2.o(.ARM.Collect$$rtentry$$0000000C)
    __rt_exit                                0x0000016b   Thumb Code     0  rtexit.o(.ARM.Collect$$rtexit$$00000000)
    __rt_exit_ls                             0x0000016d   Thumb Code     0  rtexit2.o(.ARM.Collect$$rtexit$$00000003)
    __rt_exit_prels_1                        0x0000016d   Thumb Code     0  rtexit2.o(.ARM.Collect$$rtexit$$00000002)
    __rt_exit_exit                           0x00000171   Thumb Code     0  rtexit2.o(.ARM.Collect$$rtexit$$00000004)
    Reset_Handler                            0x00000179   Thumb Code     8  startup_lpc17xx.o(.text)
    NMI_Handler                              0x00000181   Thumb Code     2  startup_lpc17xx.o(.text)
    HardFault_Handler                        0x00000183   Thumb Code     2  startup_lpc17xx.o(.text)
    MemManage_Handler                        0x00000185   Thumb Code     2  startup_lpc17xx.o(.text)
    BusFault_Handler                         0x00000187   Thumb Code     2  startup_lpc17xx.o(.text)
    UsageFault_Handler                       0x00000189   Thumb Code     2  startup_lpc17xx.o(.text)
    SVC_Handler                              0x0000018b   Thumb Code     2  startup_lpc17xx.o(.text)
    DebugMon_Handler                         0x0000018d   Thumb Code     2  startup_lpc17xx.o(.text)
    PendSV_Handler                           0x0000018f   Thumb Code     2  startup_lpc17xx.o(.text)
    BOD_IRQHandler                           0x00000193   Thumb Code     0  startup_lpc17xx.o(.text)
    CANActivity_IRQHandler                   0x00000193   Thumb Code     0  startup_lpc17xx.o(.text)
    CAN_IRQHandler                           0x00000193   Thumb Code     0  startup_lpc17xx.o(.text)
    DMA_IRQHandler                           0x00000193   Thumb Code     0  startup_lpc17xx.o(.text)
    EINT3_IRQHandler                         0x00000193   Thumb Code     0  startup_lpc17xx.o(.text)
    ENET_IRQHandler                          0x00000193   Thumb Code     0  startup_lpc17xx.o(.text)
    I2C0_IRQHandler                          0x00000193   Thumb Code     0  startup_lpc17xx.o(.text)
    I2C1_IRQHandler                          0x00000193   Thumb Code     0  startup_lpc17xx.o(.text)
    I2C2_IRQHandler                          0x00000193   Thumb Code     0  startup_lpc17xx.o(.text)
    I2S_IRQHandler                           0x00000193   Thumb Code     0  startup_lpc17xx.o(.text)
    MCPWM_IRQHandler                         0x00000193   Thumb Code     0  startup_lpc17xx.o(.text)
    PLL0_IRQHandler                          0x00000193   Thumb Code     0  startup_lpc17xx.o(.text)
    PLL1_IRQHandler                          0x00000193   Thumb Code     0  startup_lpc17xx.o(.text)
    PWM1_IRQHandler                          0x00000193   Thumb Code     0  startup_lpc17xx.o(.text)
    QEI_IRQHandler                           0x00000193   Thumb Code     0  startup_lpc17xx.o(.text)
    RIT_IRQHandler                           0x00000193   Thumb Code     0  startup_lpc17xx.o(.text)
    RTC_IRQHandler                           0x00000193   Thumb Code     0  startup_lpc17xx.o(.text)
    SPI_IRQHandler                           0x00000193   Thumb Code     0  startup_lpc17xx.o(.text)
    SSP0_IRQHandler                          0x00000193   Thumb Code     0  startup_lpc17xx.o(.text)
    SSP1_IRQHandler                          0x00000193   Thumb Code     0  startup_lpc17xx.o(.text)
    TIMER0_IRQHandler                        0x00000193   Thumb Code     0  startup_lpc17xx.o(.text)
    TIMER1_IRQHandler                        0x00000193   Thumb Code     0  startup_lpc17xx.o(.text)
    TIMER2_IRQHandler                        0x00000193   Thumb Code     0  startup_lpc17xx.o(.text)
    TIMER3_IRQHandler                        0x00000193   Thumb Code     0  startup_lpc17xx.o(.text)
    UART0_IRQHandler                         0x00000193   Thumb Code     0  startup_lpc17xx.o(.text)
    UART1_IRQHandler                         0x00000193   Thumb Code     0  startup_lpc17xx.o(.text)
    UART3_IRQHandler                         0x00000193   Thumb Code     0  startup_lpc17xx.o(.text)
    USBActivity_IRQHandler                   0x00000193   Thumb Code     0  startup_lpc17xx.o(.text)
    USB_IRQHandler                           0x00000193   Thumb Code     0  startup_lpc17xx.o(.text)
    WDT_IRQHandler                           0x00000193   Thumb Code     0  startup_lpc17xx.o(.text)
    __user_initial_stackheap                 0x00000195   Thumb Code     0  startup_lpc17xx.o(.text)
    __I$use$semihosting                      0x000001b5   Thumb Code     0  use_no_semi.o(.text)
    __use_no_semihosting_swi                 0x000001b5   Thumb Code     2  use_no_semi.o(.text)
    __2sprintf                               0x000001b9   Thumb Code    34  noretval__2sprintf.o(.text)
    __printf                                 0x000001e1   Thumb Code   104  __printf.o(.text)
    _printf_int_dec                          0x00000249   Thumb Code   104  _printf_dec.o(.text)
    __use_two_region_memory                  0x000002c1   Thumb Code     2  heapauxi.o(.text)
    __rt_heap_escrow$2region                 0x000002c3   Thumb Code     2  heapauxi.o(.text)
    __rt_heap_expand$2region                 0x000002c5   Thumb Code     2  heapauxi.o(.text)
    _printf_char_common                      0x000002d3   Thumb Code    32  _printf_char_common.o(.text)
    _sys_exit                                0x000002f9   Thumb Code     4  retarget.o(i._sys_exit)
    __aeabi_memcpy                           0x00000301   Thumb Code     0  rt_memcpy_v6.o(.text)
    __rt_memcpy                              0x00000301   Thumb Code   138  rt_memcpy_v6.o(.text)
    _memcpy_lastbytes                        0x00000367   Thumb Code     0  rt_memcpy_v6.o(.text)
    _printf_int_common                       0x0000038b   Thumb Code   178  _printf_intcommon.o(.text)
    _sputc                                   0x0000043d   Thumb Code    10  _sputc.o(.text)
    __aeabi_memcpy4                          0x00000447   Thumb Code     0  rt_memcpy_w.o(.text)
    __aeabi_memcpy8                          0x00000447   Thumb Code     0  rt_memcpy_w.o(.text)
    __rt_memcpy_w                            0x00000447   Thumb Code   100  rt_memcpy_w.o(.text)
    _memcpy_lastbytes_aligned                0x0000048f   Thumb Code     0  rt_memcpy_w.o(.text)
    __user_setup_stackheap                   0x000004ab   Thumb Code    74  sys_stackheap_outer.o(.text)
    exit                                     0x000004f5   Thumb Code    18  exit.o(.text)
    __user_libspace                          0x00000509   Thumb Code     8  libspace.o(.text)
    __user_perproc_libspace                  0x00000509   Thumb Code     0  libspace.o(.text)
    __user_perthread_libspace                0x00000509   Thumb Code     0  libspace.o(.text)
    AC_switch                                0x00000511   Thumb Code    62  ctp.o(i.AC_switch)
    ADC_IRQHandler                           0x00000559   Thumb Code   100  irq.o(i.ADC_IRQHandler)
    ADC_Init                                 0x000005c9   Thumb Code   302  adc.o(i.ADC_Init)
    ADC_StartCnv                             0x00000705   Thumb Code    14  adc.o(i.ADC_StartCnv)
    ADC_StopCnv                              0x00000719   Thumb Code    14  adc.o(i.ADC_StopCnv)
    Check_Joystick                           0x0000072d   Thumb Code    34  joystick.o(i.Check_Joystick)
    EINT0_IRQHandler                         0x00000761   Thumb Code    16  irq.o(i.EINT0_IRQHandler)
    EINT1_IRQHandler                         0x00000775   Thumb Code    16  irq.o(i.EINT1_IRQHandler)
    EINT2_IRQHandler                         0x00000789   Thumb Code    16  irq.o(i.EINT2_IRQHandler)
    GetASCIICode                             0x0000079d   Thumb Code    26  asciilib.o(i.GetASCIICode)
    Joystick_Init                            0x000007bd   Thumb Code    14  joystick.o(i.Joystick_Init)
    LCD_Clear                                0x000007d1   Thumb Code  1514  glcd.o(i.LCD_Clear)
    LCD_Initialization                       0x00000dd9   Thumb Code  9142  glcd.o(i.LCD_Initialization)
    LCD_PutChar                              0x00003195   Thumb Code   100  glcd.o(i.LCD_PutChar)
    LCD_PutText                              0x000031f9   Thumb Code    80  glcd.o(i.LCD_PutText)
    LCD_SetPoint                             0x00003799   Thumb Code   206  glcd.o(i.LCD_SetPoint)
    Menu_Change_Data                         0x0000386d   Thumb Code    48  menu.o(i.Menu_Change_Data)
    Menu_Change_Screen                       0x000038b1   Thumb Code    22  menu_screens.o(i.Menu_Change_Screen)
    Menu_Clear                               0x000038c7   Thumb Code    10  menu.o(i.Menu_Clear)
    Menu_Get_Current_Screen                  0x000038d1   Thumb Code     6  menu_screens.o(i.Menu_Get_Current_Screen)
    Menu_Init                                0x000038dd   Thumb Code    14  menu.o(i.Menu_Init)
    Menu_Screen                              0x000038ed   Thumb Code   188  menu_screens.o(i.Menu_Screen)
    Menu_Screen_Get_Cursor_Line              0x00003a45   Thumb Code     6  menu_screens.o(i.Menu_Screen_Get_Cursor_Line)
    Menu_Screen_Set_Cursor_Line              0x00003a51   Thumb Code     6  menu_screens.o(i.Menu_Screen_Set_Cursor_Line)
    Menu_Screen_Update_Data                  0x00003a5d   Thumb Code   132  menu_screens.o(i.Menu_Screen_Update_Data)
    Menu_Set_Current_Screen                  0x00003ae5   Thumb Code     6  menu_screens.o(i.Menu_Set_Current_Screen)
    Menu_Set_Cursor                          0x00003af1   Thumb Code    74  menu.o(i.Menu_Set_Cursor)
    Menu_Set_Data                            0x00003b49   Thumb Code    78  menu.o(i.Menu_Set_Data)
    Menu_Set_Line                            0x00003bad   Thumb Code    34  menu.o(i.Menu_Set_Line)
    Menu_Set_OnOffData                       0x00003bd5   Thumb Code    22  menu.o(i.Menu_Set_OnOffData)
    Menu_Set_TextData                        0x00003bf1   Thumb Code    68  menu.o(i.Menu_Set_TextData)
    SER_init                                 0x00003c99   Thumb Code   214  serial.o(i.SER_init)
    SER_putChar                              0x00003d89   Thumb Code    30  serial.o(i.SER_putChar)
    SER_putString                            0x00003db1   Thumb Code    26  serial.o(i.SER_putString)
    SysTick_Handler                          0x00003dcd   Thumb Code    40  irq.o(i.SysTick_Handler)
    SystemInit                               0x00003dfd   Thumb Code   302  system_lpc17xx.o(i.SystemInit)
    UART2_IRQHandler                         0x00003f3d   Thumb Code    62  irq.o(i.UART2_IRQHandler)
    Update_Joystick                          0x00003f89   Thumb Code    10  joystick.o(i.Update_Joystick)
    adc_calculate_temp                       0x00003f9d   Thumb Code    94  ctp.o(i.adc_calculate_temp)
    change_set_temperature                   0x0000400d   Thumb Code    46  ctp.o(i.change_set_temperature)
    check_climate_control                    0x00004041   Thumb Code   194  ctp.o(i.check_climate_control)
    copy_current_lights                      0x0000410d   Thumb Code    26  ctp.o(i.copy_current_lights)
    copy_current_temp                        0x0000412d   Thumb Code    52  ctp.o(i.copy_current_temp)
    ctp_init                                 0x00004165   Thumb Code   112  ctp.o(i.ctp_init)
    get_current_cooling                      0x000041fd   Thumb Code     6  ctp.o(i.get_current_cooling)
    get_current_heating                      0x00004209   Thumb Code     6  ctp.o(i.get_current_heating)
    get_joystick_horz                        0x00004215   Thumb Code    46  joystick.o(i.get_joystick_horz)
    get_set_temperature                      0x0000424d   Thumb Code    16  ctp.o(i.get_set_temperature)
    heat_switch                              0x00004261   Thumb Code    62  ctp.o(i.heat_switch)
    is_joy_left                              0x000042a9   Thumb Code    30  joystick.o(i.is_joy_left)
    is_joy_right                             0x000042d1   Thumb Code    30  joystick.o(i.is_joy_right)
    is_joystick                              0x000042f9   Thumb Code    30  joystick.o(i.is_joystick)
    light_switch                             0x00004321   Thumb Code    74  ctp.o(i.light_switch)
    main                                     0x00004379   Thumb Code   524  blinky1.o(i.main)
    uart_process_command                     0x000045a5   Thumb Code   332  ctp.o(i.uart_process_command)
    update_app                               0x000046f9   Thumb Code   230  ctp.o(i.update_app)
    commandLength                            0x00004e18   Data           1  irq.o(.constdata)
    terminationCharacter                     0x00004e19   Data           1  irq.o(.constdata)
    Region$$Table$$Base                      0x00004e28   Number         0  anon$$obj.o(Region$$Table)
    Region$$Table$$Limit                     0x00004e48   Number         0  anon$$obj.o(Region$$Table)
    AD_last                                  0x10000000   Data           8  adc.o(.data)
    AD_done                                  0x10000008   Data           1  adc.o(.data)
    ticks                                    0x1000000c   Data           4  irq.o(.data)
    update_user_interface                    0x1000001c   Data           1  ctp.o(.data)
    app_current_screen                       0x1000001d   Data           1  ctp.o(.data)
    current_ob_screen                        0x1000001e   Data           1  ctp.o(.data)
    JOYSTICK_MASK                            0x1000002c   Data           4  joystick.o(.data)
    JOYSTICK                                 0x10000030   Data           1  joystick.o(.data)
    prev_JOYSTICK                            0x10000031   Data           1  joystick.o(.data)
    menu_x_pos_data                          0x10000034   Data           4  menu.o(.data)
    menu_line_spacing                        0x10000038   Data           4  menu.o(.data)
    menu_cursor_line                         0x1000003c   Data           4  menu.o(.data)
    menu_cursor_current_line                 0x10000040   Data           4  menu.o(.data)
    menu_cursor_x                            0x10000044   Data           4  menu.o(.data)
    on_off                                   0x10000048   Data          10  menu.o(.data)
    num_lines                                0x10000054   Data           4  menu_screens.o(.data)
    menu_current_screen                      0x10000058   Data           4  menu_screens.o(.data)
    menu_screen_cursor_line                  0x1000005c   Data           4  menu_screens.o(.data)
    SystemCoreClock                          0x10000060   Data           4  system_lpc17xx.o(.data)
    command                                  0x10000064   Data          10  irq.o(.bss)
    __libspace_start                         0x10000088   Data          96  libspace.o(.bss)
    __temporary_stack_top$libspace           0x100000e8   Data           0  libspace.o(.bss)



==============================================================================

Memory Map of the image

  Image Entry point : 0x00000179

  Load Region LR_1 (Base: 0x00000000, Size: 0x00004eac, Max: 0xffffffff, ABSOLUTE)

    Execution Region ER_RO (Base: 0x00000000, Size: 0x00004e48, Max: 0xffffffff, ABSOLUTE)

    Base Addr    Size         Type   Attr      Idx    E Section Name        Object

    0x00000000   0x000000cc   Data   RO          826    RESET               startup_lpc17xx.o
    0x000000cc   0x00000008   Code   RO          911  * !!!main             c_w.l(__main.o)
    0x000000d4   0x00000034   Code   RO         1083    !!!scatter          c_w.l(__scatter.o)
    0x00000108   0x0000001a   Code   RO         1085    !!handler_copy      c_w.l(__scatter_copy.o)
    0x00000122   0x00000002   PAD
    0x00000124   0x0000001c   Code   RO         1087    !!handler_zi        c_w.l(__scatter_zi.o)
    0x00000140   0x00000000   Code   RO          906    .ARM.Collect$$_printf_percent$$00000000  c_w.l(_printf_percent.o)
    0x00000140   0x00000006   Code   RO          904    .ARM.Collect$$_printf_percent$$00000008  c_w.l(_printf_i.o)
    0x00000146   0x00000006   Code   RO          905    .ARM.Collect$$_printf_percent$$00000009  c_w.l(_printf_d.o)
    0x0000014c   0x00000004   Code   RO          924    .ARM.Collect$$_printf_percent$$00000017  c_w.l(_printf_percent_end.o)
    0x00000150   0x00000002   Code   RO          959    .ARM.Collect$$libinit$$00000000  c_w.l(libinit.o)
    0x00000152   0x00000000   Code   RO          972    .ARM.Collect$$libinit$$00000002  c_w.l(libinit2.o)
    0x00000152   0x00000000   Code   RO          974    .ARM.Collect$$libinit$$00000004  c_w.l(libinit2.o)
    0x00000152   0x00000000   Code   RO          977    .ARM.Collect$$libinit$$0000000A  c_w.l(libinit2.o)
    0x00000152   0x00000000   Code   RO          979    .ARM.Collect$$libinit$$0000000C  c_w.l(libinit2.o)
    0x00000152   0x00000000   Code   RO          981    .ARM.Collect$$libinit$$0000000E  c_w.l(libinit2.o)
    0x00000152   0x00000000   Code   RO          984    .ARM.Collect$$libinit$$00000011  c_w.l(libinit2.o)
    0x00000152   0x00000000   Code   RO          986    .ARM.Collect$$libinit$$00000013  c_w.l(libinit2.o)
    0x00000152   0x00000000   Code   RO          988    .ARM.Collect$$libinit$$00000015  c_w.l(libinit2.o)
    0x00000152   0x00000000   Code   RO          990    .ARM.Collect$$libinit$$00000017  c_w.l(libinit2.o)
    0x00000152   0x00000000   Code   RO          992    .ARM.Collect$$libinit$$00000019  c_w.l(libinit2.o)
    0x00000152   0x00000000   Code   RO          994    .ARM.Collect$$libinit$$0000001B  c_w.l(libinit2.o)
    0x00000152   0x00000000   Code   RO          996    .ARM.Collect$$libinit$$0000001D  c_w.l(libinit2.o)
    0x00000152   0x00000000   Code   RO          998    .ARM.Collect$$libinit$$0000001F  c_w.l(libinit2.o)
    0x00000152   0x00000000   Code   RO         1000    .ARM.Collect$$libinit$$00000021  c_w.l(libinit2.o)
    0x00000152   0x00000000   Code   RO         1002    .ARM.Collect$$libinit$$00000023  c_w.l(libinit2.o)
    0x00000152   0x00000000   Code   RO         1004    .ARM.Collect$$libinit$$00000025  c_w.l(libinit2.o)
    0x00000152   0x00000000   Code   RO         1008    .ARM.Collect$$libinit$$0000002C  c_w.l(libinit2.o)
    0x00000152   0x00000000   Code   RO         1010    .ARM.Collect$$libinit$$0000002E  c_w.l(libinit2.o)
    0x00000152   0x00000000   Code   RO         1012    .ARM.Collect$$libinit$$00000030  c_w.l(libinit2.o)
    0x00000152   0x00000000   Code   RO         1014    .ARM.Collect$$libinit$$00000032  c_w.l(libinit2.o)
    0x00000152   0x00000002   Code   RO         1015    .ARM.Collect$$libinit$$00000033  c_w.l(libinit2.o)
    0x00000154   0x00000002   Code   RO         1039    .ARM.Collect$$libshutdown$$00000000  c_w.l(libshutdown.o)
    0x00000156   0x00000000   Code   RO         1065    .ARM.Collect$$libshutdown$$00000002  c_w.l(libshutdown2.o)
    0x00000156   0x00000000   Code   RO         1067    .ARM.Collect$$libshutdown$$00000004  c_w.l(libshutdown2.o)
    0x00000156   0x00000000   Code   RO         1070    .ARM.Collect$$libshutdown$$00000007  c_w.l(libshutdown2.o)
    0x00000156   0x00000000   Code   RO         1073    .ARM.Collect$$libshutdown$$0000000A  c_w.l(libshutdown2.o)
    0x00000156   0x00000000   Code   RO         1075    .ARM.Collect$$libshutdown$$0000000C  c_w.l(libshutdown2.o)
    0x00000156   0x00000000   Code   RO         1078    .ARM.Collect$$libshutdown$$0000000F  c_w.l(libshutdown2.o)
    0x00000156   0x00000002   Code   RO         1079    .ARM.Collect$$libshutdown$$00000010  c_w.l(libshutdown2.o)
    0x00000158   0x00000000   Code   RO          913    .ARM.Collect$$rtentry$$00000000  c_w.l(__rtentry.o)
    0x00000158   0x00000000   Code   RO          928    .ARM.Collect$$rtentry$$00000002  c_w.l(__rtentry2.o)
    0x00000158   0x00000006   Code   RO          940    .ARM.Collect$$rtentry$$00000004  c_w.l(__rtentry4.o)
    0x0000015e   0x00000000   Code   RO          930    .ARM.Collect$$rtentry$$00000009  c_w.l(__rtentry2.o)
    0x0000015e   0x00000004   Code   RO          931    .ARM.Collect$$rtentry$$0000000A  c_w.l(__rtentry2.o)
    0x00000162   0x00000000   Code   RO          933    .ARM.Collect$$rtentry$$0000000C  c_w.l(__rtentry2.o)
    0x00000162   0x00000008   Code   RO          934    .ARM.Collect$$rtentry$$0000000D  c_w.l(__rtentry2.o)
    0x0000016a   0x00000002   Code   RO          963    .ARM.Collect$$rtexit$$00000000  c_w.l(rtexit.o)
    0x0000016c   0x00000000   Code   RO         1017    .ARM.Collect$$rtexit$$00000002  c_w.l(rtexit2.o)
    0x0000016c   0x00000004   Code   RO         1018    .ARM.Collect$$rtexit$$00000003  c_w.l(rtexit2.o)
    0x00000170   0x00000006   Code   RO         1019    .ARM.Collect$$rtexit$$00000004  c_w.l(rtexit2.o)
    0x00000176   0x00000002   PAD
    0x00000178   0x0000003c   Code   RO          828  * .text               startup_lpc17xx.o
    0x000001b4   0x00000002   Code   RO          872    .text               c_w.l(use_no_semi.o)
    0x000001b6   0x00000002   PAD
    0x000001b8   0x00000028   Code   RO          878    .text               c_w.l(noretval__2sprintf.o)
    0x000001e0   0x00000068   Code   RO          880    .text               c_w.l(__printf.o)
    0x00000248   0x00000078   Code   RO          882    .text               c_w.l(_printf_dec.o)
    0x000002c0   0x00000006   Code   RO          909    .text               c_w.l(heapauxi.o)
    0x000002c6   0x00000002   PAD
    0x000002c8   0x00000030   Code   RO          920    .text               c_w.l(_printf_char_common.o)
    0x000002f8   0x00000004   Code   RO          322    i._sys_exit         retarget.o
    0x000002fc   0x00000004   Code   RO          827    .ARM.__at_0x02FC    startup_lpc17xx.o
    0x00000300   0x0000008a   Code   RO          907    .text               c_w.l(rt_memcpy_v6.o)
    0x0000038a   0x000000b2   Code   RO          918    .text               c_w.l(_printf_intcommon.o)
    0x0000043c   0x0000000a   Code   RO          922    .text               c_w.l(_sputc.o)
    0x00000446   0x00000064   Code   RO          925    .text               c_w.l(rt_memcpy_w.o)
    0x000004aa   0x0000004a   Code   RO          946    .text               c_w.l(sys_stackheap_outer.o)
    0x000004f4   0x00000012   Code   RO          948    .text               c_w.l(exit.o)
    0x00000506   0x00000002   PAD
    0x00000508   0x00000008   Code   RO          960    .text               c_w.l(libspace.o)
    0x00000510   0x00000048   Code   RO          448    i.AC_switch         ctp.o
    0x00000558   0x00000070   Code   RO          192    i.ADC_IRQHandler    irq.o
    0x000005c8   0x0000013c   Code   RO            4    i.ADC_Init          adc.o
    0x00000704   0x00000014   Code   RO            5    i.ADC_StartCnv      adc.o
    0x00000718   0x00000014   Code   RO            6    i.ADC_StopCnv       adc.o
    0x0000072c   0x00000034   Code   RO          613    i.Check_Joystick    joystick.o
    0x00000760   0x00000014   Code   RO          193    i.EINT0_IRQHandler  irq.o
    0x00000774   0x00000014   Code   RO          194    i.EINT1_IRQHandler  irq.o
    0x00000788   0x00000014   Code   RO          195    i.EINT2_IRQHandler  irq.o
    0x0000079c   0x00000020   Code   RO           66    i.GetASCIICode      asciilib.o
    0x000007bc   0x00000014   Code   RO          614    i.Joystick_Init     joystick.o
    0x000007d0   0x000005f0   Code   RO           90    i.LCD_Clear         glcd.o
    0x00000dc0   0x00000018   Code   RO           91    i.LCD_Configuration  glcd.o
    0x00000dd8   0x000023bc   Code   RO           95    i.LCD_Initialization  glcd.o
    0x00003194   0x00000064   Code   RO           96    i.LCD_PutChar       glcd.o
    0x000031f8   0x00000050   Code   RO           97    i.LCD_PutText       glcd.o
    0x00003248   0x00000550   Code   RO           98    i.LCD_SetCursor     glcd.o
    0x00003798   0x000000d4   Code   RO           99    i.LCD_SetPoint      glcd.o
    0x0000386c   0x00000044   Code   RO          694    i.Menu_Change_Data  menu.o
    0x000038b0   0x00000016   Code   RO          764    i.Menu_Change_Screen  menu_screens.o
    0x000038c6   0x0000000a   Code   RO          695    i.Menu_Clear        menu.o
    0x000038d0   0x0000000c   Code   RO          765    i.Menu_Get_Current_Screen  menu_screens.o
    0x000038dc   0x0000000e   Code   RO          696    i.Menu_Init         menu.o
    0x000038ea   0x00000002   PAD
    0x000038ec   0x00000158   Code   RO          766    i.Menu_Screen       menu_screens.o
    0x00003a44   0x0000000c   Code   RO          767    i.Menu_Screen_Get_Cursor_Line  menu_screens.o
    0x00003a50   0x0000000c   Code   RO          768    i.Menu_Screen_Set_Cursor_Line  menu_screens.o
    0x00003a5c   0x00000088   Code   RO          769    i.Menu_Screen_Update_Data  menu_screens.o
    0x00003ae4   0x0000000c   Code   RO          770    i.Menu_Set_Current_Screen  menu_screens.o
    0x00003af0   0x00000058   Code   RO          697    i.Menu_Set_Cursor   menu.o
    0x00003b48   0x00000064   Code   RO          698    i.Menu_Set_Data     menu.o
    0x00003bac   0x00000028   Code   RO          699    i.Menu_Set_Line     menu.o
    0x00003bd4   0x0000001c   Code   RO          700    i.Menu_Set_OnOffData  menu.o
    0x00003bf0   0x00000054   Code   RO          701    i.Menu_Set_TextData  menu.o
    0x00003c44   0x0000001c   Code   RO          196    i.NVIC_ClearPendingIRQ  irq.o
    0x00003c60   0x0000001c   Code   RO          386    i.NVIC_ClearPendingIRQ  serial.o
    0x00003c7c   0x0000001a   Code   RO          387    i.NVIC_EnableIRQ    serial.o
    0x00003c96   0x00000002   PAD
    0x00003c98   0x000000f0   Code   RO          390    i.SER_init          serial.o
    0x00003d88   0x00000028   Code   RO          391    i.SER_putChar       serial.o
    0x00003db0   0x0000001a   Code   RO          392    i.SER_putString     serial.o
    0x00003dca   0x00000002   PAD
    0x00003dcc   0x00000030   Code   RO          197    i.SysTick_Handler   irq.o
    0x00003dfc   0x00000140   Code   RO          838    i.SystemInit        system_lpc17xx.o
    0x00003f3c   0x0000004c   Code   RO          198    i.UART2_IRQHandler  irq.o
    0x00003f88   0x00000014   Code   RO          616    i.Update_Joystick   joystick.o
    0x00003f9c   0x00000070   Code   RO          449    i.adc_calculate_temp  ctp.o
    0x0000400c   0x00000034   Code   RO          450    i.change_set_temperature  ctp.o
    0x00004040   0x000000cc   Code   RO          452    i.check_climate_control  ctp.o
    0x0000410c   0x00000020   Code   RO          453    i.copy_current_lights  ctp.o
    0x0000412c   0x00000038   Code   RO          454    i.copy_current_temp  ctp.o
    0x00004164   0x00000078   Code   RO          455    i.ctp_init          ctp.o
    0x000041dc   0x0000001e   Code   RO          100    i.delay_ms          glcd.o
    0x000041fa   0x00000002   PAD
    0x000041fc   0x0000000c   Code   RO          456    i.get_current_cooling  ctp.o
    0x00004208   0x0000000c   Code   RO          457    i.get_current_heating  ctp.o
    0x00004214   0x00000038   Code   RO          618    i.get_joystick_horz  joystick.o
    0x0000424c   0x00000014   Code   RO          458    i.get_set_temperature  ctp.o
    0x00004260   0x00000048   Code   RO          459    i.heat_switch       ctp.o
    0x000042a8   0x00000028   Code   RO          620    i.is_joy_left       joystick.o
    0x000042d0   0x00000028   Code   RO          621    i.is_joy_right      joystick.o
    0x000042f8   0x00000028   Code   RO          622    i.is_joystick       joystick.o
    0x00004320   0x00000058   Code   RO          460    i.light_switch      ctp.o
    0x00004378   0x0000022c   Code   RO          570    i.main              blinky1.o
    0x000045a4   0x00000154   Code   RO          461    i.uart_process_command  ctp.o
    0x000046f8   0x00000124   Code   RO          462    i.update_app        ctp.o
    0x0000481c   0x0000000c   Code   RO          101    i.wait_delay        glcd.o
    0x00004828   0x000005f0   Data   RO           67    .constdata          asciilib.o
    0x00004e18   0x00000002   Data   RO          200    .constdata          irq.o
    0x00004e1a   0x00000002   PAD
    0x00004e1c   0x0000000c   Data   RO          464    .constdata          ctp.o
    0x00004e28   0x00000020   Data   RO         1081    Region$$Table       anon$$obj.o


    Execution Region ER_RW (Base: 0x10000000, Size: 0x00000064, Max: 0xffffffff, ABSOLUTE)

    Base Addr    Size         Type   Attr      Idx    E Section Name        Object

    0x10000000   0x00000009   Data   RW            7    .data               adc.o
    0x10000009   0x00000001   Data   RW          102    .data               glcd.o
    0x1000000a   0x00000002   PAD
    0x1000000c   0x00000008   Data   RW          201    .data               irq.o
    0x10000014   0x00000016   Data   RW          465    .data               ctp.o
    0x1000002a   0x00000002   PAD
    0x1000002c   0x00000006   Data   RW          623    .data               joystick.o
    0x10000032   0x00000002   PAD
    0x10000034   0x0000001e   Data   RW          703    .data               menu.o
    0x10000052   0x00000002   PAD
    0x10000054   0x0000000c   Data   RW          771    .data               menu_screens.o
    0x10000060   0x00000004   Data   RW          839    .data               system_lpc17xx.o


    Execution Region ER_ZI (Base: 0x10000064, Size: 0x00000284, Max: 0xffffffff, ABSOLUTE)

    Base Addr    Size         Type   Attr      Idx    E Section Name        Object

    0x10000064   0x0000000a   Zero   RW          199    .bss                irq.o
    0x1000006e   0x00000018   Zero   RW          463    .bss                ctp.o
    0x10000086   0x00000002   PAD
    0x10000088   0x00000060   Zero   RW          961    .bss                c_w.l(libspace.o)
    0x100000e8   0x00000000   Zero   RW          825    HEAP                startup_lpc17xx.o
    0x100000e8   0x00000200   Zero   RW          824    STACK               startup_lpc17xx.o


==============================================================================

Image component sizes


      Code (inc. data)   RO Data    RW Data    ZI Data      Debug   Object Name

       356         26          0          9          0      49237   adc.o
        32          6       1520          0          0        979   asciilib.o
       556         38          0          0          0      27054   blinky1.o
      1484        178         12         22         24       8439   ctp.o
     12486         92          0          1          0      32352   glcd.o
       324         52          2          8         10      47423   irq.o
       268         74          0          6          0       3405   joystick.o
       432         84          0         30          0       4936   menu.o
       550        184          0         12          0       4313   menu_screens.o
         4          0          0          0          0        404   retarget.o
       360         42          0          0          0      28988   serial.o
        64         26        204          0        512       1024   startup_lpc17xx.o
       320         18          0          4          0        831   system_lpc17xx.o

    ----------------------------------------------------------------------
     17244        820       1772        100        548     209385   Object Totals
         0          0         32          0          0          0   (incl. Generated)
         8          0          2          8          2          0   (incl. Padding)

    ----------------------------------------------------------------------

      Code (inc. data)   RO Data    RW Data    ZI Data      Debug   Library Member Name

         8          0          0          0          0         68   __main.o
       104          0          0          0          0         84   __printf.o
         0          0          0          0          0          0   __rtentry.o
        12          0          0          0          0          0   __rtentry2.o
         6          0          0          0          0          0   __rtentry4.o
        52          8          0          0          0          0   __scatter.o
        26          0          0          0          0          0   __scatter_copy.o
        28          0          0          0          0          0   __scatter_zi.o
        48          6          0          0          0         96   _printf_char_common.o
         6          0          0          0          0          0   _printf_d.o
       120         16          0          0          0         92   _printf_dec.o
         6          0          0          0          0          0   _printf_i.o
       178          0          0          0          0         88   _printf_intcommon.o
         0          0          0          0          0          0   _printf_percent.o
         4          0          0          0          0          0   _printf_percent_end.o
        10          0          0          0          0         68   _sputc.o
        18          0          0          0          0         80   exit.o
         6          0          0          0          0        152   heapauxi.o
         2          0          0          0          0          0   libinit.o
         2          0          0          0          0          0   libinit2.o
         2          0          0          0          0          0   libshutdown.o
         2          0          0          0          0          0   libshutdown2.o
         8          4          0          0         96         68   libspace.o
        40          6          0          0          0         84   noretval__2sprintf.o
       138          0          0          0          0         68   rt_memcpy_v6.o
       100          0          0          0          0         80   rt_memcpy_w.o
         2          0          0          0          0          0   rtexit.o
        10          0          0          0          0          0   rtexit2.o
        74          0          0          0          0         80   sys_stackheap_outer.o
         2          0          0          0          0         68   use_no_semi.o

    ----------------------------------------------------------------------
      1024         40          0          0         96       1176   Library Totals
        10          0          0          0          0          0   (incl. Padding)

    ----------------------------------------------------------------------

      Code (inc. data)   RO Data    RW Data    ZI Data      Debug   Library Name

      1014         40          0          0         96       1176   c_w.l

    ----------------------------------------------------------------------
      1024         40          0          0         96       1176   Library Totals

    ----------------------------------------------------------------------

==============================================================================


      Code (inc. data)   RO Data    RW Data    ZI Data      Debug   

     18268        860       1772        100        644     206917   Grand Totals
     18268        860       1772        100        644     206917   ELF Image Totals
     18268        860       1772        100          0          0   ROM Totals

==============================================================================

    Total RO  Size (Code + RO Data)                20040 (  19.57kB)
    Total RW  Size (RW Data + ZI Data)               744 (   0.73kB)
    Total ROM Size (Code + RO Data + RW Data)      20140 (  19.67kB)

==============================================================================

